------------------------------------------------------------
Timing Analyzer Summary
------------------------------------------------------------

Type  : Slow 1200mV 85C Model Setup 'CLK'
Slack : -6.436
TNS   : -382.786

Type  : Slow 1200mV 85C Model Hold 'CLK'
Slack : 0.411
TNS   : 0.000

Type  : Slow 1200mV 85C Model Recovery 'CLK'
Slack : -0.169
TNS   : -1.352

Type  : Slow 1200mV 85C Model Removal 'CLK'
Slack : 0.640
TNS   : 0.000

Type  : Slow 1200mV 85C Model Minimum Pulse Width 'CLK'
Slack : -3.201
TNS   : -240.318

Type  : Slow 1200mV 0C Model Setup 'CLK'
Slack : -5.812
TNS   : -345.157

Type  : Slow 1200mV 0C Model Hold 'CLK'
Slack : 0.390
TNS   : 0.000

Type  : Slow 1200mV 0C Model Recovery 'CLK'
Slack : -0.049
TNS   : -0.392

Type  : Slow 1200mV 0C Model Removal 'CLK'
Slack : 0.573
TNS   : 0.000

Type  : Slow 1200mV 0C Model Minimum Pulse Width 'CLK'
Slack : -3.201
TNS   : -240.318

Type  : Fast 1200mV 0C Model Setup 'CLK'
Slack : -1.957
TNS   : -88.591

Type  : Fast 1200mV 0C Model Hold 'CLK'
Slack : 0.140
TNS   : 0.000

Type  : Fast 1200mV 0C Model Recovery 'CLK'
Slack : 0.463
TNS   : 0.000

Type  : Fast 1200mV 0C Model Removal 'CLK'
Slack : 0.297
TNS   : 0.000

Type  : Fast 1200mV 0C Model Minimum Pulse Width 'CLK'
Slack : -3.000
TNS   : -184.634

------------------------------------------------------------
