IP Upgrade report for lab_MS_SV_2
Tue Feb 27 21:07:14 2024
Quartus Prime Version 18.1.0 Build 625 09/12/2018 SJ Lite Edition


---------------------
; Table of Contents ;
---------------------
  1. Legal Notice
  2. IP Upgrade Summary
  3. Successfully Upgraded IP Components
  4. IP Upgrade Messages



----------------
; Legal Notice ;
----------------
Copyright (C) 2018  Intel Corporation. All rights reserved.
Your use of Intel Corporation's design tools, logic functions 
and other software and tools, and its AMPP partner logic 
functions, and any output files from any of the foregoing 
(including device programming or simulation files), and any 
associated documentation or information are expressly subject 
to the terms and conditions of the Intel Program License 
Subscription Agreement, the Intel Quartus Prime License Agreement,
the Intel FPGA IP License Agreement, or other applicable license
agreement, including, without limitation, that your use is for
the sole purpose of programming logic devices manufactured by
Intel and sold by Intel or its authorized distributors.  Please
refer to the applicable agreement for further details.



+----------------------------------------------------------------------------+
; IP Upgrade Summary                                                         ;
+------------------------------+---------------------------------------------+
; IP Components Upgrade Status ; Passed - Tue Feb 27 21:07:14 2024           ;
; Quartus Prime Version        ; 18.1.0 Build 625 09/12/2018 SJ Lite Edition ;
; Revision Name                ; lab_MS_SV_2                                 ;
; Top-level Entity Name        ; impl_lab_MS_SV2                             ;
; Family                       ; Cyclone IV E                                ;
+------------------------------+---------------------------------------------+


+----------------------------------------------------------------------------------------------------------------------------------------------------------+
; Successfully Upgraded IP Components                                                                                                                      ;
+-------------+---------------------------------+---------+-------------------------------+----------------------+-------------------------------+---------+
; Entity Name ; Component Name                  ; Version ; Original Source File          ; Generation File Path ; New Source File               ; Message ;
+-------------+---------------------------------+---------+-------------------------------+----------------------+-------------------------------+---------+
; SP_unit     ; altera_in_system_sources_probes ; 16.1    ; SP_unit/synthesis/SP_unit.qip ; SP_unit.qsys         ; SP_unit/synthesis/SP_unit.qip ;         ;
+-------------+---------------------------------+---------+-------------------------------+----------------------+-------------------------------+---------+


+---------------------+
; IP Upgrade Messages ;
+---------------------+
Info (11902): Backing up file "SP_unit.qsys" to "SP_unit.BAK.qsys"
Info (11902): Backing up file "SP_unit/synthesis/SP_unit.v" to "SP_unit.BAK.v"
Info (11837): Started upgrading IP component altera_in_system_sources_probes with file "SP_unit.qsys"
Info: 2024.02.27.22:07:07 Info: Starting to upgrade the IP cores in the Platform Designer system
Info: 2024.02.27.22:07:07 Info: Finished upgrading the ip cores
Info: 2024.02.27.22:07:11 Info: Saving generation log to D:/Users/Legion/Quartus and Verilog/Works_Verilog/Third year/6th semester/labs/lab5/impl_lab_MS_SV2/SP_unit
Info: 2024.02.27.22:07:11 Info: Starting: Create simulation model
Info: 2024.02.27.22:07:11 Info: qsys-generate "D:\Users\Legion\Quartus and Verilog\Works_Verilog\Third year\6th semester\labs\lab5\impl_lab_MS_SV2\SP_unit.qsys" --simulation=VERILOG --allow-mixed-language-simulation --output-directory="D:\Users\Legion\Quartus and Verilog\Works_Verilog\Third year\6th semester\labs\lab5\impl_lab_MS_SV2\SP_unit\simulation" --family="Cyclone IV E" --part=EP4CE6E22C8
Info: 2024.02.27.22:07:11 Info: Loading impl_lab_MS_SV2
Info: 2024.02.27.22:07:11 Info: Reading input file
Info: 2024.02.27.22:07:11 Info: Adding in_system_sources_probes_0 [altera_in_system_sources_probes 18.1]
Info: 2024.02.27.22:07:11 Info: Parameterizing module in_system_sources_probes_0
Info: 2024.02.27.22:07:11 Info: Building connections
Info: 2024.02.27.22:07:11 Info: Parameterizing connections
Info: 2024.02.27.22:07:11 Info: Validating
Info: 2024.02.27.22:07:11 Info: Done reading input file
Info: 2024.02.27.22:07:11 Info: SP_unit: Generating SP_unit "SP_unit" for SIM_VERILOG
Info: 2024.02.27.22:07:12 Info: in_system_sources_probes_0: "SP_unit" instantiated altera_in_system_sources_probes "in_system_sources_probes_0"
Info: 2024.02.27.22:07:12 Info: SP_unit: Done "SP_unit" with 2 modules, 2 files
Info: 2024.02.27.22:07:12 Info: qsys-generate succeeded.
Info: 2024.02.27.22:07:12 Info: Finished: Create simulation model
Info: 2024.02.27.22:07:12 Info: Starting: Create Modelsim Project.
Info: 2024.02.27.22:07:12 Info: Doing: ip-make-simscript --spd=D:\Users\Legion\Quartus and Verilog\Works_Verilog\Third year\6th semester\labs\lab5\impl_lab_MS_SV2\SP_unit\SP_unit.spd --output-directory=D:/Users/Legion/Quartus and Verilog/Works_Verilog/Third year/6th semester/labs/lab5/impl_lab_MS_SV2/SP_unit/simulation
Info: 2024.02.27.22:07:12 Info: Generating the following file(s) for MODELSIM simulator in D:/Users/Legion/Quartus and Verilog/Works_Verilog/Third year/6th semester/labs/lab5/impl_lab_MS_SV2/SP_unit/simulation
Info: 2024.02.27.22:07:12 Info:     mentor
Info: 2024.02.27.22:07:12 Info: Generating the following file(s) for VCS simulator in D:/Users/Legion/Quartus and Verilog/Works_Verilog/Third year/6th semester/labs/lab5/impl_lab_MS_SV2/SP_unit/simulation
Info: 2024.02.27.22:07:12 Info:     synopsys/vcs
Info: 2024.02.27.22:07:12 Info: Generating the following file(s) for VCSMX simulator in D:/Users/Legion/Quartus and Verilog/Works_Verilog/Third year/6th semester/labs/lab5/impl_lab_MS_SV2/SP_unit/simulation
Info: 2024.02.27.22:07:12 Info:     synopsys/vcsmx
Info: 2024.02.27.22:07:12 Info:     synopsys/vcsmx
Info: 2024.02.27.22:07:12 Info: Generating the following file(s) for NCSIM simulator in D:/Users/Legion/Quartus and Verilog/Works_Verilog/Third year/6th semester/labs/lab5/impl_lab_MS_SV2/SP_unit/simulation
Info: 2024.02.27.22:07:12 Info:     cadence
Info: 2024.02.27.22:07:12 Info:     cadence
Info: 2024.02.27.22:07:12 Info:     cadence
Info: 2024.02.27.22:07:12 Info:     1 .cds.lib files in cadence/cds_libs
Info: 2024.02.27.22:07:12 Info: Generating the following file(s) for RIVIERA simulator in D:/Users/Legion/Quartus and Verilog/Works_Verilog/Third year/6th semester/labs/lab5/impl_lab_MS_SV2/SP_unit/simulation
Info: 2024.02.27.22:07:12 Info:     aldec
Info: 2024.02.27.22:07:12 Info: For information on how to simulate your IP, see the explanatory comments in the simulator-specific subdirectories under D:/Users/Legion/Quartus and Verilog/Works_Verilog/Third year/6th semester/labs/lab5/impl_lab_MS_SV2/SP_unit/simulation
Info: 2024.02.27.22:07:12 Info: Regenerate these scripts whenever you make any change to any Quartus-generated IP in your project.
Info: 2024.02.27.22:07:12 Info: Finished: Create Modelsim Project.
Info: 2024.02.27.22:07:12 Info: Starting: Create block symbol file (.bsf)
Info: 2024.02.27.22:07:12 Info: qsys-generate "D:\Users\Legion\Quartus and Verilog\Works_Verilog\Third year\6th semester\labs\lab5\impl_lab_MS_SV2\SP_unit.qsys" --block-symbol-file --output-directory="D:\Users\Legion\Quartus and Verilog\Works_Verilog\Third year\6th semester\labs\lab5\impl_lab_MS_SV2\SP_unit" --family="Cyclone IV E" --part=EP4CE6E22C8
Info: 2024.02.27.22:07:12 Info: Loading impl_lab_MS_SV2
Info: 2024.02.27.22:07:13 Info: Reading input file
Info: 2024.02.27.22:07:13 Info: Adding in_system_sources_probes_0 [altera_in_system_sources_probes 18.1]
Info: 2024.02.27.22:07:13 Info: Parameterizing module in_system_sources_probes_0
Info: 2024.02.27.22:07:13 Info: Building connections
Info: 2024.02.27.22:07:13 Info: Parameterizing connections
Info: 2024.02.27.22:07:13 Info: Validating
Info: 2024.02.27.22:07:13 Info: Done reading input file
Info: 2024.02.27.22:07:13 Info: qsys-generate succeeded.
Info: 2024.02.27.22:07:13 Info: Finished: Create block symbol file (.bsf)
Info: 2024.02.27.22:07:13 Info:
Info: 2024.02.27.22:07:13 Info: Starting: Create HDL design files for synthesis
Info: 2024.02.27.22:07:13 Info: qsys-generate "D:\Users\Legion\Quartus and Verilog\Works_Verilog\Third year\6th semester\labs\lab5\impl_lab_MS_SV2\SP_unit.qsys" --synthesis=VERILOG --output-directory="D:\Users\Legion\Quartus and Verilog\Works_Verilog\Third year\6th semester\labs\lab5\impl_lab_MS_SV2\SP_unit\synthesis" --family="Cyclone IV E" --part=EP4CE6E22C8
Info: 2024.02.27.22:07:13 Info: Loading impl_lab_MS_SV2
Info: 2024.02.27.22:07:13 Info: Reading input file
Info: 2024.02.27.22:07:13 Info: Adding in_system_sources_probes_0 [altera_in_system_sources_probes 18.1]
Info: 2024.02.27.22:07:13 Info: Parameterizing module in_system_sources_probes_0
Info: 2024.02.27.22:07:13 Info: Building connections
Info: 2024.02.27.22:07:13 Info: Parameterizing connections
Info: 2024.02.27.22:07:13 Info: Validating
Info: 2024.02.27.22:07:13 Info: Done reading input file
Info: 2024.02.27.22:07:14 Info: SP_unit: Generating SP_unit "SP_unit" for QUARTUS_SYNTH
Info: 2024.02.27.22:07:14 Info: in_system_sources_probes_0: "SP_unit" instantiated altera_in_system_sources_probes "in_system_sources_probes_0"
Info: 2024.02.27.22:07:14 Info: SP_unit: Done "SP_unit" with 2 modules, 2 files
Info: 2024.02.27.22:07:14 Info: qsys-generate succeeded.
Info: 2024.02.27.22:07:14 Info: Finished: Create HDL design files for synthesis
Info (11131): Completed upgrading IP component altera_in_system_sources_probes with file "SP_unit.qsys"
Info (23030): Evaluation of Tcl script d:/intelfpga_lite/18.1/quartus/common/tcl/internal/ip_regen/ip_regen.tcl was successful
Info: Quartus Prime Shell was successful. 0 errors, 0 warnings
    Info: Peak virtual memory: 4858 megabytes
    Info: Processing ended: Tue Feb 27 21:07:14 2024
    Info: Elapsed time: 00:00:17
    Info: Total CPU time (on all processors): 00:00:29


