Archive member included to satisfy reference by file (symbol)

d:/intelfpga/18.1/quartuslitesetup/nios2eds/bin/gnu/h-x86_64-mingw32/bin/../lib/gcc/nios2-elf/5.3.0/../../../../../H-x86_64-mingw32/nios2-elf/lib/mno-hw-mul\libsmallc.a(lib_a-printf.o)
                              obj/default/lab6_source_hw.o (printf)
d:/intelfpga/18.1/quartuslitesetup/nios2eds/bin/gnu/h-x86_64-mingw32/bin/../lib/gcc/nios2-elf/5.3.0/../../../../../H-x86_64-mingw32/nios2-elf/lib/mno-hw-mul\libsmallc.a(lib_a-puts.o)
                              obj/default/lab6_source_hw.o (puts)
d:/intelfpga/18.1/quartuslitesetup/nios2eds/bin/gnu/h-x86_64-mingw32/bin/../lib/gcc/nios2-elf/5.3.0/../../../../../H-x86_64-mingw32/nios2-elf/lib/mno-hw-mul\libsmallc.a(lib_a-strlen.o)
                              d:/intelfpga/18.1/quartuslitesetup/nios2eds/bin/gnu/h-x86_64-mingw32/bin/../lib/gcc/nios2-elf/5.3.0/../../../../../H-x86_64-mingw32/nios2-elf/lib/mno-hw-mul\libsmallc.a(lib_a-puts.o) (strlen)
d:/intelfpga/18.1/quartuslitesetup/nios2eds/bin/gnu/h-x86_64-mingw32/bin/../lib/gcc/nios2-elf/5.3.0/../../../../../H-x86_64-mingw32/nios2-elf/lib/mno-hw-mul\libsmallc.a(lib_a-vfprintf.o)
                              d:/intelfpga/18.1/quartuslitesetup/nios2eds/bin/gnu/h-x86_64-mingw32/bin/../lib/gcc/nios2-elf/5.3.0/../../../../../H-x86_64-mingw32/nios2-elf/lib/mno-hw-mul\libsmallc.a(lib_a-printf.o) (___vfprintf_internal_r)
d:/intelfpga/18.1/quartuslitesetup/nios2eds/bin/gnu/h-x86_64-mingw32/bin/../lib/gcc/nios2-elf/5.3.0/../../../../../H-x86_64-mingw32/nios2-elf/lib/mno-hw-mul\libsmallc.a(lib_a-fvwrite_small_dev.o)
                              d:/intelfpga/18.1/quartuslitesetup/nios2eds/bin/gnu/h-x86_64-mingw32/bin/../lib/gcc/nios2-elf/5.3.0/../../../../../H-x86_64-mingw32/nios2-elf/lib/mno-hw-mul\libsmallc.a(lib_a-printf.o) (__sfvwrite_small_dev)
d:/intelfpga/18.1/quartuslitesetup/nios2eds/bin/gnu/h-x86_64-mingw32/bin/../lib/gcc/nios2-elf/5.3.0/../../../../../H-x86_64-mingw32/nios2-elf/lib/mno-hw-mul\libsmallc.a(lib_a-impure.o)
                              d:/intelfpga/18.1/quartuslitesetup/nios2eds/bin/gnu/h-x86_64-mingw32/bin/../lib/gcc/nios2-elf/5.3.0/../../../../../H-x86_64-mingw32/nios2-elf/lib/mno-hw-mul\libsmallc.a(lib_a-printf.o) (_impure_ptr)
d:/intelfpga/18.1/quartuslitesetup/nios2eds/bin/gnu/h-x86_64-mingw32/bin/../lib/gcc/nios2-elf/5.3.0/../../../../../H-x86_64-mingw32/nios2-elf/lib/mno-hw-mul\libsmallc.a(lib_a-writer.o)
                              d:/intelfpga/18.1/quartuslitesetup/nios2eds/bin/gnu/h-x86_64-mingw32/bin/../lib/gcc/nios2-elf/5.3.0/../../../../../H-x86_64-mingw32/nios2-elf/lib/mno-hw-mul\libsmallc.a(lib_a-fvwrite_small_dev.o) (_write_r)
d:/intelfpga/18.1/quartuslitesetup/nios2eds/bin/gnu/h-x86_64-mingw32/bin/../lib/gcc/nios2-elf/5.3.0/../../../../../H-x86_64-mingw32/nios2-elf/lib/mno-hw-mul\libsmallc.a(lib_a-int_errno.o)
                              d:/intelfpga/18.1/quartuslitesetup/nios2eds/bin/gnu/h-x86_64-mingw32/bin/../lib/gcc/nios2-elf/5.3.0/../../../../../H-x86_64-mingw32/nios2-elf/lib/mno-hw-mul\libsmallc.a(lib_a-writer.o) (errno)
d:/intelfpga/18.1/quartuslitesetup/nios2eds/bin/gnu/h-x86_64-mingw32/bin/../lib/gcc/nios2-elf/5.3.0/mno-hw-mul\libgcc.a(lib2-divmod.o)
                              d:/intelfpga/18.1/quartuslitesetup/nios2eds/bin/gnu/h-x86_64-mingw32/bin/../lib/gcc/nios2-elf/5.3.0/../../../../../H-x86_64-mingw32/nios2-elf/lib/mno-hw-mul\libsmallc.a(lib_a-vfprintf.o) (__udivsi3)
d:/intelfpga/18.1/quartuslitesetup/nios2eds/bin/gnu/h-x86_64-mingw32/bin/../lib/gcc/nios2-elf/5.3.0/mno-hw-mul\libgcc.a(lib2-mul.o)
                              d:/intelfpga/18.1/quartuslitesetup/nios2eds/bin/gnu/h-x86_64-mingw32/bin/../lib/gcc/nios2-elf/5.3.0/../../../../../H-x86_64-mingw32/nios2-elf/lib/mno-hw-mul\libsmallc.a(lib_a-vfprintf.o) (__mulsi3)
../lab6_sw_bsp/\libhal_bsp.a(alt_load.o)
                              ../lab6_sw_bsp//obj/HAL/src/crt0.o (alt_load)
../lab6_sw_bsp/\libhal_bsp.a(alt_main.o)
                              ../lab6_sw_bsp//obj/HAL/src/crt0.o (alt_main)
../lab6_sw_bsp/\libhal_bsp.a(alt_usleep.o)
                              obj/default/lab6_source_hw.o (usleep)
../lab6_sw_bsp/\libhal_bsp.a(alt_write.o)
                              d:/intelfpga/18.1/quartuslitesetup/nios2eds/bin/gnu/h-x86_64-mingw32/bin/../lib/gcc/nios2-elf/5.3.0/../../../../../H-x86_64-mingw32/nios2-elf/lib/mno-hw-mul\libsmallc.a(lib_a-writer.o) (write)
../lab6_sw_bsp/\libhal_bsp.a(alt_sys_init.o)
                              ../lab6_sw_bsp/\libhal_bsp.a(alt_write.o) (jtag_uart)
../lab6_sw_bsp/\libhal_bsp.a(altera_avalon_jtag_uart_write.o)
                              ../lab6_sw_bsp/\libhal_bsp.a(alt_write.o) (altera_avalon_jtag_uart_write)
../lab6_sw_bsp/\libhal_bsp.a(altera_avalon_timer_ts.o)
                              obj/default/lab6_source_hw.o (alt_timestamp_start)
../lab6_sw_bsp/\libhal_bsp.a(altera_avalon_timer_vars.o)
                              ../lab6_sw_bsp/\libhal_bsp.a(alt_sys_init.o) (altera_avalon_timer_ts_base)
../lab6_sw_bsp/\libhal_bsp.a(alt_busy_sleep.o)
                              ../lab6_sw_bsp/\libhal_bsp.a(alt_usleep.o) (alt_busy_sleep)
../lab6_sw_bsp/\libhal_bsp.a(alt_dcache_flush_all.o)
                              ../lab6_sw_bsp/\libhal_bsp.a(alt_load.o) (alt_dcache_flush_all)
../lab6_sw_bsp/\libhal_bsp.a(alt_errno.o)
                              ../lab6_sw_bsp/\libhal_bsp.a(alt_write.o) (alt_errno)
../lab6_sw_bsp/\libhal_bsp.a(alt_icache_flush_all.o)
                              ../lab6_sw_bsp/\libhal_bsp.a(alt_load.o) (alt_icache_flush_all)
../lab6_sw_bsp/\libhal_bsp.a(altera_nios2_gen2_irq.o)
                              ../lab6_sw_bsp/\libhal_bsp.a(alt_sys_init.o) (altera_nios2_gen2_irq_init)

Allocating common symbols
Common symbol       size              file

errno               0x4               d:/intelfpga/18.1/quartuslitesetup/nios2eds/bin/gnu/h-x86_64-mingw32/bin/../lib/gcc/nios2-elf/5.3.0/../../../../../H-x86_64-mingw32/nios2-elf/lib/mno-hw-mul\libsmallc.a(lib_a-int_errno.o)

Memory Configuration

Name             Origin             Length             Attributes
reset            0x0000000000004000 0x0000000000000020
onchip_mem       0x0000000000004020 0x0000000000003fe0
*default*        0x0000000000000000 0xffffffffffffffff

Linker script and memory map

LOAD ../lab6_sw_bsp//obj/HAL/src/crt0.o
LOAD obj/default/lab6_source_hw.o
LOAD d:/intelfpga/18.1/quartuslitesetup/nios2eds/bin/gnu/h-x86_64-mingw32/bin/../lib/gcc/nios2-elf/5.3.0/../../../../../H-x86_64-mingw32/nios2-elf/lib/mno-hw-mul\libstdc++.a
LOAD d:/intelfpga/18.1/quartuslitesetup/nios2eds/bin/gnu/h-x86_64-mingw32/bin/../lib/gcc/nios2-elf/5.3.0/../../../../../H-x86_64-mingw32/nios2-elf/lib/mno-hw-mul\libm.a
LOAD d:/intelfpga/18.1/quartuslitesetup/nios2eds/bin/gnu/h-x86_64-mingw32/bin/../lib/gcc/nios2-elf/5.3.0/mno-hw-mul\libgcc.a
START GROUP
LOAD d:/intelfpga/18.1/quartuslitesetup/nios2eds/bin/gnu/h-x86_64-mingw32/bin/../lib/gcc/nios2-elf/5.3.0/../../../../../H-x86_64-mingw32/nios2-elf/lib/mno-hw-mul\libsmallc.a
LOAD d:/intelfpga/18.1/quartuslitesetup/nios2eds/bin/gnu/h-x86_64-mingw32/bin/../lib/gcc/nios2-elf/5.3.0/mno-hw-mul\libgcc.a
LOAD ../lab6_sw_bsp/\libhal_bsp.a
LOAD d:/intelfpga/18.1/quartuslitesetup/nios2eds/bin/gnu/h-x86_64-mingw32/bin/../lib/gcc/nios2-elf/5.3.0/../../../../../H-x86_64-mingw32/nios2-elf/lib/mno-hw-mul\libm.a
END GROUP
LOAD d:/intelfpga/18.1/quartuslitesetup/nios2eds/bin/gnu/h-x86_64-mingw32/bin/../lib/gcc/nios2-elf/5.3.0/mno-hw-mul\libgcc.a
                0x0000000000004000                __alt_mem_onchip_mem = 0x4000

.entry          0x0000000000004000       0x20
 *(.entry)
 .entry         0x0000000000004000       0x20 ../lab6_sw_bsp//obj/HAL/src/crt0.o
                0x0000000000004000                __reset
                0x000000000000400c                _exit

.exceptions     0x0000000000004020        0x0
                0x0000000000004020                PROVIDE (__ram_exceptions_start, ABSOLUTE (.))
                0x0000000000004020                . = ALIGN (0x20)
 *(.irq)
 *(.exceptions.entry.label)
 *(.exceptions.entry.user)
 *(.exceptions.entry.ecc_fatal)
 *(.exceptions.entry)
 *(.exceptions.irqtest.user)
 *(.exceptions.irqtest)
 *(.exceptions.irqhandler.user)
 *(.exceptions.irqhandler)
 *(.exceptions.irqreturn.user)
 *(.exceptions.irqreturn)
 *(.exceptions.notirq.label)
 *(.exceptions.notirq.user)
 *(.exceptions.notirq)
 *(.exceptions.soft.user)
 *(.exceptions.soft)
 *(.exceptions.unknown.user)
 *(.exceptions.unknown)
 *(.exceptions.exit.label)
 *(.exceptions.exit.user)
 *(.exceptions.exit)
 *(.exceptions)
                0x0000000000004020                PROVIDE (__ram_exceptions_end, ABSOLUTE (.))
                0x0000000000004020                PROVIDE (__flash_exceptions_start, LOADADDR (.exceptions))

.text           0x0000000000004020     0x1144
                [!provide]                        PROVIDE (stext, ABSOLUTE (.))
 *(.interp)
 *(.hash)
 *(.dynsym)
 *(.dynstr)
 *(.gnu.version)
 *(.gnu.version_d)
 *(.gnu.version_r)
 *(.rel.init)
 *(.rela.init)
 *(.rel.text .rel.text.* .rel.gnu.linkonce.t.*)
 *(.rela.text .rela.text.* .rela.gnu.linkonce.t.*)
 *(.rel.fini)
 *(.rela.fini)
 *(.rel.rodata .rel.rodata.* .rel.gnu.linkonce.r.*)
 *(.rela.rodata .rela.rodata.* .rela.gnu.linkonce.r.*)
 *(.rel.data .rel.data.* .rel.gnu.linkonce.d.*)
 *(.rela.data .rela.data.* .rela.gnu.linkonce.d.*)
 *(.rel.tdata .rel.tdata.* .rel.gnu.linkonce.td.*)
 *(.rela.tdata .rela.tdata.* .rela.gnu.linkonce.td.*)
 *(.rel.tbss .rel.tbss.* .rel.gnu.linkonce.tb.*)
 *(.rela.tbss .rela.tbss.* .rela.gnu.linkonce.tb.*)
 *(.rel.ctors)
 *(.rela.ctors)
 *(.rel.dtors)
 *(.rela.dtors)
 *(.rel.got)
 *(.rela.got)
 *(.rel.sdata .rel.sdata.* .rel.gnu.linkonce.s.*)
 *(.rela.sdata .rela.sdata.* .rela.gnu.linkonce.s.*)
 *(.rel.sbss .rel.sbss.* .rel.gnu.linkonce.sb.*)
 *(.rela.sbss .rela.sbss.* .rela.gnu.linkonce.sb.*)
 *(.rel.sdata2 .rel.sdata2.* .rel.gnu.linkonce.s2.*)
 *(.rela.sdata2 .rela.sdata2.* .rela.gnu.linkonce.s2.*)
 *(.rel.sbss2 .rel.sbss2.* .rel.gnu.linkonce.sb2.*)
 *(.rela.sbss2 .rela.sbss2.* .rela.gnu.linkonce.sb2.*)
 *(.rel.bss .rel.bss.* .rel.gnu.linkonce.b.*)
 *(.rela.bss .rela.bss.* .rela.gnu.linkonce.b.*)
 *(.rel.plt)
 *(.rela.plt)
 *(.rel.dyn)
 *(.init)
 *(.plt)
 *(.text .stub .text.* .gnu.linkonce.t.*)
 .text          0x0000000000004020       0x3c ../lab6_sw_bsp//obj/HAL/src/crt0.o
                0x0000000000004020                _start
 .text          0x000000000000405c      0x114 obj/default/lab6_source_hw.o
                0x000000000000405c                main
 .text          0x0000000000004170        0x0 d:/intelfpga/18.1/quartuslitesetup/nios2eds/bin/gnu/h-x86_64-mingw32/bin/../lib/gcc/nios2-elf/5.3.0/../../../../../H-x86_64-mingw32/nios2-elf/lib/mno-hw-mul\libsmallc.a(lib_a-printf.o)
 .text._printf_r
                0x0000000000004170       0x3c d:/intelfpga/18.1/quartuslitesetup/nios2eds/bin/gnu/h-x86_64-mingw32/bin/../lib/gcc/nios2-elf/5.3.0/../../../../../H-x86_64-mingw32/nios2-elf/lib/mno-hw-mul\libsmallc.a(lib_a-printf.o)
                0x0000000000004170                _printf_r
 .text.printf   0x00000000000041ac       0x4c d:/intelfpga/18.1/quartuslitesetup/nios2eds/bin/gnu/h-x86_64-mingw32/bin/../lib/gcc/nios2-elf/5.3.0/../../../../../H-x86_64-mingw32/nios2-elf/lib/mno-hw-mul\libsmallc.a(lib_a-printf.o)
                0x00000000000041ac                printf
 .text          0x00000000000041f8        0x0 d:/intelfpga/18.1/quartuslitesetup/nios2eds/bin/gnu/h-x86_64-mingw32/bin/../lib/gcc/nios2-elf/5.3.0/../../../../../H-x86_64-mingw32/nios2-elf/lib/mno-hw-mul\libsmallc.a(lib_a-puts.o)
 .text._puts_r  0x00000000000041f8       0x80 d:/intelfpga/18.1/quartuslitesetup/nios2eds/bin/gnu/h-x86_64-mingw32/bin/../lib/gcc/nios2-elf/5.3.0/../../../../../H-x86_64-mingw32/nios2-elf/lib/mno-hw-mul\libsmallc.a(lib_a-puts.o)
                0x00000000000041f8                _puts_r
 .text.puts     0x0000000000004278       0x14 d:/intelfpga/18.1/quartuslitesetup/nios2eds/bin/gnu/h-x86_64-mingw32/bin/../lib/gcc/nios2-elf/5.3.0/../../../../../H-x86_64-mingw32/nios2-elf/lib/mno-hw-mul\libsmallc.a(lib_a-puts.o)
                0x0000000000004278                puts
 .text          0x000000000000428c        0x0 d:/intelfpga/18.1/quartuslitesetup/nios2eds/bin/gnu/h-x86_64-mingw32/bin/../lib/gcc/nios2-elf/5.3.0/../../../../../H-x86_64-mingw32/nios2-elf/lib/mno-hw-mul\libsmallc.a(lib_a-strlen.o)
 .text.strlen   0x000000000000428c       0x1c d:/intelfpga/18.1/quartuslitesetup/nios2eds/bin/gnu/h-x86_64-mingw32/bin/../lib/gcc/nios2-elf/5.3.0/../../../../../H-x86_64-mingw32/nios2-elf/lib/mno-hw-mul\libsmallc.a(lib_a-strlen.o)
                0x000000000000428c                strlen
 .text          0x00000000000042a8        0x0 d:/intelfpga/18.1/quartuslitesetup/nios2eds/bin/gnu/h-x86_64-mingw32/bin/../lib/gcc/nios2-elf/5.3.0/../../../../../H-x86_64-mingw32/nios2-elf/lib/mno-hw-mul\libsmallc.a(lib_a-vfprintf.o)
 .text.print_repeat
                0x00000000000042a8       0x6c d:/intelfpga/18.1/quartuslitesetup/nios2eds/bin/gnu/h-x86_64-mingw32/bin/../lib/gcc/nios2-elf/5.3.0/../../../../../H-x86_64-mingw32/nios2-elf/lib/mno-hw-mul\libsmallc.a(lib_a-vfprintf.o)
 .text.___vfprintf_internal_r
                0x0000000000004314      0x52c d:/intelfpga/18.1/quartuslitesetup/nios2eds/bin/gnu/h-x86_64-mingw32/bin/../lib/gcc/nios2-elf/5.3.0/../../../../../H-x86_64-mingw32/nios2-elf/lib/mno-hw-mul\libsmallc.a(lib_a-vfprintf.o)
                0x0000000000004314                ___vfprintf_internal_r
 .text.__vfprintf_internal
                0x0000000000004840       0x1c d:/intelfpga/18.1/quartuslitesetup/nios2eds/bin/gnu/h-x86_64-mingw32/bin/../lib/gcc/nios2-elf/5.3.0/../../../../../H-x86_64-mingw32/nios2-elf/lib/mno-hw-mul\libsmallc.a(lib_a-vfprintf.o)
                0x0000000000004840                __vfprintf_internal
 .text          0x000000000000485c        0x0 d:/intelfpga/18.1/quartuslitesetup/nios2eds/bin/gnu/h-x86_64-mingw32/bin/../lib/gcc/nios2-elf/5.3.0/../../../../../H-x86_64-mingw32/nios2-elf/lib/mno-hw-mul\libsmallc.a(lib_a-fvwrite_small_dev.o)
 .text.__sfvwrite_small_dev
                0x000000000000485c       0xb8 d:/intelfpga/18.1/quartuslitesetup/nios2eds/bin/gnu/h-x86_64-mingw32/bin/../lib/gcc/nios2-elf/5.3.0/../../../../../H-x86_64-mingw32/nios2-elf/lib/mno-hw-mul\libsmallc.a(lib_a-fvwrite_small_dev.o)
                0x000000000000485c                __sfvwrite_small_dev
 .text          0x0000000000004914        0x0 d:/intelfpga/18.1/quartuslitesetup/nios2eds/bin/gnu/h-x86_64-mingw32/bin/../lib/gcc/nios2-elf/5.3.0/../../../../../H-x86_64-mingw32/nios2-elf/lib/mno-hw-mul\libsmallc.a(lib_a-impure.o)
 .text          0x0000000000004914        0x0 d:/intelfpga/18.1/quartuslitesetup/nios2eds/bin/gnu/h-x86_64-mingw32/bin/../lib/gcc/nios2-elf/5.3.0/../../../../../H-x86_64-mingw32/nios2-elf/lib/mno-hw-mul\libsmallc.a(lib_a-writer.o)
 .text._write_r
                0x0000000000004914       0x58 d:/intelfpga/18.1/quartuslitesetup/nios2eds/bin/gnu/h-x86_64-mingw32/bin/../lib/gcc/nios2-elf/5.3.0/../../../../../H-x86_64-mingw32/nios2-elf/lib/mno-hw-mul\libsmallc.a(lib_a-writer.o)
                0x0000000000004914                _write_r
 .text          0x000000000000496c        0x0 d:/intelfpga/18.1/quartuslitesetup/nios2eds/bin/gnu/h-x86_64-mingw32/bin/../lib/gcc/nios2-elf/5.3.0/../../../../../H-x86_64-mingw32/nios2-elf/lib/mno-hw-mul\libsmallc.a(lib_a-int_errno.o)
 .text          0x000000000000496c      0x1b4 d:/intelfpga/18.1/quartuslitesetup/nios2eds/bin/gnu/h-x86_64-mingw32/bin/../lib/gcc/nios2-elf/5.3.0/mno-hw-mul\libgcc.a(lib2-divmod.o)
                0x000000000000496c                __divsi3
                0x00000000000049f0                __modsi3
                0x0000000000004a64                __udivsi3
                0x0000000000004ac8                __umodsi3
 .text          0x0000000000004b20       0x28 d:/intelfpga/18.1/quartuslitesetup/nios2eds/bin/gnu/h-x86_64-mingw32/bin/../lib/gcc/nios2-elf/5.3.0/mno-hw-mul\libgcc.a(lib2-mul.o)
                0x0000000000004b20                __mulsi3
 .text          0x0000000000004b48       0xec ../lab6_sw_bsp/\libhal_bsp.a(alt_load.o)
                0x0000000000004bb0                alt_load
 .text          0x0000000000004c34       0x54 ../lab6_sw_bsp/\libhal_bsp.a(alt_main.o)
                0x0000000000004c34                alt_main
 .text          0x0000000000004c88       0x30 ../lab6_sw_bsp/\libhal_bsp.a(alt_usleep.o)
                0x0000000000004c88                usleep
 .text          0x0000000000004cb8       0xd8 ../lab6_sw_bsp/\libhal_bsp.a(alt_write.o)
                0x0000000000004cf4                write
 .text          0x0000000000004d90       0x6c ../lab6_sw_bsp/\libhal_bsp.a(alt_sys_init.o)
                0x0000000000004d90                alt_irq_init
                0x0000000000004dc8                alt_sys_init
 .text          0x0000000000004dfc       0x94 ../lab6_sw_bsp/\libhal_bsp.a(altera_avalon_jtag_uart_write.o)
                0x0000000000004dfc                altera_avalon_jtag_uart_write
 .text          0x0000000000004e90      0x118 ../lab6_sw_bsp/\libhal_bsp.a(altera_avalon_timer_ts.o)
                0x0000000000004e90                alt_timestamp_start
                0x0000000000004f08                alt_timestamp
                0x0000000000004f88                alt_timestamp_freq
 .text          0x0000000000004fa8        0x0 ../lab6_sw_bsp/\libhal_bsp.a(altera_avalon_timer_vars.o)
 .text          0x0000000000004fa8      0x158 ../lab6_sw_bsp/\libhal_bsp.a(alt_busy_sleep.o)
                0x0000000000004fa8                alt_busy_sleep
 .text          0x0000000000005100       0x20 ../lab6_sw_bsp/\libhal_bsp.a(alt_dcache_flush_all.o)
                0x0000000000005100                alt_dcache_flush_all
 .text          0x0000000000005120        0x0 ../lab6_sw_bsp/\libhal_bsp.a(alt_errno.o)
 .text          0x0000000000005120       0x20 ../lab6_sw_bsp/\libhal_bsp.a(alt_icache_flush_all.o)
                0x0000000000005120                alt_icache_flush_all
 .text          0x0000000000005140       0x24 ../lab6_sw_bsp/\libhal_bsp.a(altera_nios2_gen2_irq.o)
                0x0000000000005140                altera_nios2_gen2_irq_init
 *(.gnu.warning.*)
 *(.fini)
                [!provide]                        PROVIDE (__etext, ABSOLUTE (.))
                [!provide]                        PROVIDE (_etext, ABSOLUTE (.))
                [!provide]                        PROVIDE (etext, ABSOLUTE (.))
 *(.eh_frame_hdr)
                0x0000000000005164                . = ALIGN (0x4)
                [!provide]                        PROVIDE (__preinit_array_start, ABSOLUTE (.))
 *(.preinit_array)
                [!provide]                        PROVIDE (__preinit_array_end, ABSOLUTE (.))
                [!provide]                        PROVIDE (__init_array_start, ABSOLUTE (.))
 *(.init_array)
                [!provide]                        PROVIDE (__init_array_end, ABSOLUTE (.))
                [!provide]                        PROVIDE (__fini_array_start, ABSOLUTE (.))
 *(.fini_array)
                [!provide]                        PROVIDE (__fini_array_end, ABSOLUTE (.))
 *(.eh_frame)
 *(.gcc_except_table .gcc_except_table.*)
 *(.dynamic)
                [!provide]                        PROVIDE (__CTOR_LIST__, ABSOLUTE (.))
 *(.ctors)
 *(SORT(.ctors.*))
                [!provide]                        PROVIDE (__CTOR_END__, ABSOLUTE (.))
                [!provide]                        PROVIDE (__DTOR_LIST__, ABSOLUTE (.))
 *(.dtors)
 *(SORT(.dtors.*))
                [!provide]                        PROVIDE (__DTOR_END__, ABSOLUTE (.))
 *(.jcr)
                0x0000000000005164                . = ALIGN (0x4)

.rodata         0x0000000000005164       0x8c
                0x0000000000005164                PROVIDE (__ram_rodata_start, ABSOLUTE (.))
                0x0000000000005164                . = ALIGN (0x4)
 *(.rodata .rodata.* .gnu.linkonce.r.*)
 .rodata        0x0000000000005164       0x88 obj/default/lab6_source_hw.o
 .rodata.str1.4
                0x00000000000051ec        0x4 d:/intelfpga/18.1/quartuslitesetup/nios2eds/bin/gnu/h-x86_64-mingw32/bin/../lib/gcc/nios2-elf/5.3.0/../../../../../H-x86_64-mingw32/nios2-elf/lib/mno-hw-mul\libsmallc.a(lib_a-puts.o)
                                          0x2 (size before relaxing)
 *(.rodata1)
                0x00000000000051f0                . = ALIGN (0x4)
                0x00000000000051f0                PROVIDE (__ram_rodata_end, ABSOLUTE (.))
                0x0000000000005164                PROVIDE (__flash_rodata_start, LOADADDR (.rodata))

.rwdata         0x00000000000051f0       0xf0 load address 0x00000000000052e0
                0x00000000000051f0                PROVIDE (__ram_rwdata_start, ABSOLUTE (.))
                0x00000000000051f0                . = ALIGN (0x4)
 *(.got.plt)
 *(.got)
 *(.data1)
 *(.data .data.* .gnu.linkonce.d.*)
 .data          0x00000000000051f0        0x0 ../lab6_sw_bsp//obj/HAL/src/crt0.o
 .data          0x00000000000051f0        0x0 obj/default/lab6_source_hw.o
 .data          0x00000000000051f0        0x0 d:/intelfpga/18.1/quartuslitesetup/nios2eds/bin/gnu/h-x86_64-mingw32/bin/../lib/gcc/nios2-elf/5.3.0/../../../../../H-x86_64-mingw32/nios2-elf/lib/mno-hw-mul\libsmallc.a(lib_a-printf.o)
 .data          0x00000000000051f0        0x0 d:/intelfpga/18.1/quartuslitesetup/nios2eds/bin/gnu/h-x86_64-mingw32/bin/../lib/gcc/nios2-elf/5.3.0/../../../../../H-x86_64-mingw32/nios2-elf/lib/mno-hw-mul\libsmallc.a(lib_a-puts.o)
 .data          0x00000000000051f0        0x0 d:/intelfpga/18.1/quartuslitesetup/nios2eds/bin/gnu/h-x86_64-mingw32/bin/../lib/gcc/nios2-elf/5.3.0/../../../../../H-x86_64-mingw32/nios2-elf/lib/mno-hw-mul\libsmallc.a(lib_a-strlen.o)
 .data          0x00000000000051f0        0x0 d:/intelfpga/18.1/quartuslitesetup/nios2eds/bin/gnu/h-x86_64-mingw32/bin/../lib/gcc/nios2-elf/5.3.0/../../../../../H-x86_64-mingw32/nios2-elf/lib/mno-hw-mul\libsmallc.a(lib_a-vfprintf.o)
 .data          0x00000000000051f0        0x0 d:/intelfpga/18.1/quartuslitesetup/nios2eds/bin/gnu/h-x86_64-mingw32/bin/../lib/gcc/nios2-elf/5.3.0/../../../../../H-x86_64-mingw32/nios2-elf/lib/mno-hw-mul\libsmallc.a(lib_a-fvwrite_small_dev.o)
 .data          0x00000000000051f0        0x0 d:/intelfpga/18.1/quartuslitesetup/nios2eds/bin/gnu/h-x86_64-mingw32/bin/../lib/gcc/nios2-elf/5.3.0/../../../../../H-x86_64-mingw32/nios2-elf/lib/mno-hw-mul\libsmallc.a(lib_a-impure.o)
 .data.impure_data
                0x00000000000051f0       0xe0 d:/intelfpga/18.1/quartuslitesetup/nios2eds/bin/gnu/h-x86_64-mingw32/bin/../lib/gcc/nios2-elf/5.3.0/../../../../../H-x86_64-mingw32/nios2-elf/lib/mno-hw-mul\libsmallc.a(lib_a-impure.o)
 .data          0x00000000000052d0        0x0 d:/intelfpga/18.1/quartuslitesetup/nios2eds/bin/gnu/h-x86_64-mingw32/bin/../lib/gcc/nios2-elf/5.3.0/../../../../../H-x86_64-mingw32/nios2-elf/lib/mno-hw-mul\libsmallc.a(lib_a-writer.o)
 .data          0x00000000000052d0        0x0 d:/intelfpga/18.1/quartuslitesetup/nios2eds/bin/gnu/h-x86_64-mingw32/bin/../lib/gcc/nios2-elf/5.3.0/../../../../../H-x86_64-mingw32/nios2-elf/lib/mno-hw-mul\libsmallc.a(lib_a-int_errno.o)
 .data          0x00000000000052d0        0x0 d:/intelfpga/18.1/quartuslitesetup/nios2eds/bin/gnu/h-x86_64-mingw32/bin/../lib/gcc/nios2-elf/5.3.0/mno-hw-mul\libgcc.a(lib2-divmod.o)
 .data          0x00000000000052d0        0x0 d:/intelfpga/18.1/quartuslitesetup/nios2eds/bin/gnu/h-x86_64-mingw32/bin/../lib/gcc/nios2-elf/5.3.0/mno-hw-mul\libgcc.a(lib2-mul.o)
 .data          0x00000000000052d0        0x0 ../lab6_sw_bsp/\libhal_bsp.a(alt_load.o)
 .data          0x00000000000052d0        0x0 ../lab6_sw_bsp/\libhal_bsp.a(alt_main.o)
 .data          0x00000000000052d0        0x0 ../lab6_sw_bsp/\libhal_bsp.a(alt_usleep.o)
 .data          0x00000000000052d0        0x0 ../lab6_sw_bsp/\libhal_bsp.a(alt_write.o)
 .data          0x00000000000052d0        0x0 ../lab6_sw_bsp/\libhal_bsp.a(alt_sys_init.o)
 .data          0x00000000000052d0        0x0 ../lab6_sw_bsp/\libhal_bsp.a(altera_avalon_jtag_uart_write.o)
 .data          0x00000000000052d0        0x0 ../lab6_sw_bsp/\libhal_bsp.a(altera_avalon_timer_ts.o)
 .data          0x00000000000052d0        0x0 ../lab6_sw_bsp/\libhal_bsp.a(altera_avalon_timer_vars.o)
 .data          0x00000000000052d0        0x0 ../lab6_sw_bsp/\libhal_bsp.a(alt_busy_sleep.o)
 .data          0x00000000000052d0        0x0 ../lab6_sw_bsp/\libhal_bsp.a(alt_dcache_flush_all.o)
 .data          0x00000000000052d0        0x0 ../lab6_sw_bsp/\libhal_bsp.a(alt_errno.o)
 .data          0x00000000000052d0        0x0 ../lab6_sw_bsp/\libhal_bsp.a(alt_icache_flush_all.o)
 .data          0x00000000000052d0        0x0 ../lab6_sw_bsp/\libhal_bsp.a(altera_nios2_gen2_irq.o)
                0x000000000000d2d0                _gp = ABSOLUTE ((. + 0x8000))
                [!provide]                        PROVIDE (gp, _gp)
 *(.rwdata .rwdata.*)
 *(.sdata .sdata.* .gnu.linkonce.s.*)
 .sdata._global_impure_ptr
                0x00000000000052d0        0x4 d:/intelfpga/18.1/quartuslitesetup/nios2eds/bin/gnu/h-x86_64-mingw32/bin/../lib/gcc/nios2-elf/5.3.0/../../../../../H-x86_64-mingw32/nios2-elf/lib/mno-hw-mul\libsmallc.a(lib_a-impure.o)
                0x00000000000052d0                _global_impure_ptr
 .sdata._impure_ptr
                0x00000000000052d4        0x4 d:/intelfpga/18.1/quartuslitesetup/nios2eds/bin/gnu/h-x86_64-mingw32/bin/../lib/gcc/nios2-elf/5.3.0/../../../../../H-x86_64-mingw32/nios2-elf/lib/mno-hw-mul\libsmallc.a(lib_a-impure.o)
                0x00000000000052d4                _impure_ptr
 .sdata         0x00000000000052d8        0x4 ../lab6_sw_bsp/\libhal_bsp.a(alt_sys_init.o)
                0x00000000000052d8                jtag_uart
 .sdata         0x00000000000052dc        0x4 ../lab6_sw_bsp/\libhal_bsp.a(alt_errno.o)
                0x00000000000052dc                alt_errno
 *(.sdata2 .sdata2.* .gnu.linkonce.s2.*)
                0x00000000000052e0                . = ALIGN (0x4)
                0x00000000000052e0                _edata = ABSOLUTE (.)
                [!provide]                        PROVIDE (edata, ABSOLUTE (.))
                0x00000000000052e0                PROVIDE (__ram_rwdata_end, ABSOLUTE (.))
                0x00000000000052e0                PROVIDE (__flash_rwdata_start, LOADADDR (.rwdata))

.bss            0x00000000000053d0       0x18
                0x00000000000053d0                __bss_start = ABSOLUTE (.)
                [!provide]                        PROVIDE (__sbss_start, ABSOLUTE (.))
                [!provide]                        PROVIDE (___sbss_start, ABSOLUTE (.))
 *(.dynsbss)
 *(.sbss .sbss.* .gnu.linkonce.sb.*)
 .sbss          0x00000000000053d0        0x4 d:/intelfpga/18.1/quartuslitesetup/nios2eds/bin/gnu/h-x86_64-mingw32/bin/../lib/gcc/nios2-elf/5.3.0/../../../../../H-x86_64-mingw32/nios2-elf/lib/mno-hw-mul\libsmallc.a(lib_a-int_errno.o)
                0x00000000000053d0                errno
 .sbss          0x00000000000053d4        0xc ../lab6_sw_bsp/\libhal_bsp.a(alt_main.o)
                0x00000000000053d4                alt_argc
                0x00000000000053d8                alt_argv
                0x00000000000053dc                alt_envp
 .sbss          0x00000000000053e0        0x8 ../lab6_sw_bsp/\libhal_bsp.a(altera_avalon_timer_vars.o)
                0x00000000000053e0                altera_avalon_timer_ts_base
                0x00000000000053e4                altera_avalon_timer_ts_freq
 *(.sbss2 .sbss2.* .gnu.linkonce.sb2.*)
 *(.scommon)
                [!provide]                        PROVIDE (__sbss_end, ABSOLUTE (.))
                [!provide]                        PROVIDE (___sbss_end, ABSOLUTE (.))
 *(.dynbss)
 *(.bss .bss.* .gnu.linkonce.b.*)
 .bss           0x00000000000053e8        0x0 ../lab6_sw_bsp//obj/HAL/src/crt0.o
 .bss           0x00000000000053e8        0x0 obj/default/lab6_source_hw.o
 .bss           0x00000000000053e8        0x0 d:/intelfpga/18.1/quartuslitesetup/nios2eds/bin/gnu/h-x86_64-mingw32/bin/../lib/gcc/nios2-elf/5.3.0/../../../../../H-x86_64-mingw32/nios2-elf/lib/mno-hw-mul\libsmallc.a(lib_a-printf.o)
 .bss           0x00000000000053e8        0x0 d:/intelfpga/18.1/quartuslitesetup/nios2eds/bin/gnu/h-x86_64-mingw32/bin/../lib/gcc/nios2-elf/5.3.0/../../../../../H-x86_64-mingw32/nios2-elf/lib/mno-hw-mul\libsmallc.a(lib_a-puts.o)
 .bss           0x00000000000053e8        0x0 d:/intelfpga/18.1/quartuslitesetup/nios2eds/bin/gnu/h-x86_64-mingw32/bin/../lib/gcc/nios2-elf/5.3.0/../../../../../H-x86_64-mingw32/nios2-elf/lib/mno-hw-mul\libsmallc.a(lib_a-strlen.o)
 .bss           0x00000000000053e8        0x0 d:/intelfpga/18.1/quartuslitesetup/nios2eds/bin/gnu/h-x86_64-mingw32/bin/../lib/gcc/nios2-elf/5.3.0/../../../../../H-x86_64-mingw32/nios2-elf/lib/mno-hw-mul\libsmallc.a(lib_a-vfprintf.o)
 .bss           0x00000000000053e8        0x0 d:/intelfpga/18.1/quartuslitesetup/nios2eds/bin/gnu/h-x86_64-mingw32/bin/../lib/gcc/nios2-elf/5.3.0/../../../../../H-x86_64-mingw32/nios2-elf/lib/mno-hw-mul\libsmallc.a(lib_a-fvwrite_small_dev.o)
 .bss           0x00000000000053e8        0x0 d:/intelfpga/18.1/quartuslitesetup/nios2eds/bin/gnu/h-x86_64-mingw32/bin/../lib/gcc/nios2-elf/5.3.0/../../../../../H-x86_64-mingw32/nios2-elf/lib/mno-hw-mul\libsmallc.a(lib_a-impure.o)
 .bss           0x00000000000053e8        0x0 d:/intelfpga/18.1/quartuslitesetup/nios2eds/bin/gnu/h-x86_64-mingw32/bin/../lib/gcc/nios2-elf/5.3.0/../../../../../H-x86_64-mingw32/nios2-elf/lib/mno-hw-mul\libsmallc.a(lib_a-writer.o)
 .bss           0x00000000000053e8        0x0 d:/intelfpga/18.1/quartuslitesetup/nios2eds/bin/gnu/h-x86_64-mingw32/bin/../lib/gcc/nios2-elf/5.3.0/../../../../../H-x86_64-mingw32/nios2-elf/lib/mno-hw-mul\libsmallc.a(lib_a-int_errno.o)
 .bss           0x00000000000053e8        0x0 d:/intelfpga/18.1/quartuslitesetup/nios2eds/bin/gnu/h-x86_64-mingw32/bin/../lib/gcc/nios2-elf/5.3.0/mno-hw-mul\libgcc.a(lib2-divmod.o)
 .bss           0x00000000000053e8        0x0 d:/intelfpga/18.1/quartuslitesetup/nios2eds/bin/gnu/h-x86_64-mingw32/bin/../lib/gcc/nios2-elf/5.3.0/mno-hw-mul\libgcc.a(lib2-mul.o)
 .bss           0x00000000000053e8        0x0 ../lab6_sw_bsp/\libhal_bsp.a(alt_load.o)
 .bss           0x00000000000053e8        0x0 ../lab6_sw_bsp/\libhal_bsp.a(alt_main.o)
 .bss           0x00000000000053e8        0x0 ../lab6_sw_bsp/\libhal_bsp.a(alt_usleep.o)
 .bss           0x00000000000053e8        0x0 ../lab6_sw_bsp/\libhal_bsp.a(alt_write.o)
 .bss           0x00000000000053e8        0x0 ../lab6_sw_bsp/\libhal_bsp.a(alt_sys_init.o)
 .bss           0x00000000000053e8        0x0 ../lab6_sw_bsp/\libhal_bsp.a(altera_avalon_jtag_uart_write.o)
 .bss           0x00000000000053e8        0x0 ../lab6_sw_bsp/\libhal_bsp.a(altera_avalon_timer_ts.o)
 .bss           0x00000000000053e8        0x0 ../lab6_sw_bsp/\libhal_bsp.a(altera_avalon_timer_vars.o)
 .bss           0x00000000000053e8        0x0 ../lab6_sw_bsp/\libhal_bsp.a(alt_busy_sleep.o)
 .bss           0x00000000000053e8        0x0 ../lab6_sw_bsp/\libhal_bsp.a(alt_dcache_flush_all.o)
 .bss           0x00000000000053e8        0x0 ../lab6_sw_bsp/\libhal_bsp.a(alt_errno.o)
 .bss           0x00000000000053e8        0x0 ../lab6_sw_bsp/\libhal_bsp.a(alt_icache_flush_all.o)
 .bss           0x00000000000053e8        0x0 ../lab6_sw_bsp/\libhal_bsp.a(altera_nios2_gen2_irq.o)
 *(COMMON)
                0x00000000000053e8                . = ALIGN (0x4)
                0x00000000000053e8                __bss_end = ABSOLUTE (.)

.onchip_mem     0x00000000000053e8        0x0
                [!provide]                        PROVIDE (_alt_partition_onchip_mem_start, ABSOLUTE (.))
 *(.onchip_mem .onchip_mem. onchip_mem.*)
                0x00000000000053e8                . = ALIGN (0x4)
                [!provide]                        PROVIDE (_alt_partition_onchip_mem_end, ABSOLUTE (.))
                0x00000000000053e8                _end = ABSOLUTE (.)
                0x00000000000053e8                end = ABSOLUTE (.)
                0x00000000000053e8                __alt_stack_base = ABSOLUTE (.)
                [!provide]                        PROVIDE (_alt_partition_onchip_mem_load_addr, LOADADDR (.onchip_mem))

.stab
 *(.stab)

.stabstr
 *(.stabstr)

.stab.excl
 *(.stab.excl)

.stab.exclstr
 *(.stab.exclstr)

.stab.index
 *(.stab.index)

.stab.indexstr
 *(.stab.indexstr)

.comment        0x0000000000000000       0x23
 *(.comment)
 .comment       0x0000000000000000       0x23 obj/default/lab6_source_hw.o
                                         0x24 (size before relaxing)
 .comment       0x0000000000000023       0x24 d:/intelfpga/18.1/quartuslitesetup/nios2eds/bin/gnu/h-x86_64-mingw32/bin/../lib/gcc/nios2-elf/5.3.0/../../../../../H-x86_64-mingw32/nios2-elf/lib/mno-hw-mul\libsmallc.a(lib_a-printf.o)
 .comment       0x0000000000000023       0x24 d:/intelfpga/18.1/quartuslitesetup/nios2eds/bin/gnu/h-x86_64-mingw32/bin/../lib/gcc/nios2-elf/5.3.0/../../../../../H-x86_64-mingw32/nios2-elf/lib/mno-hw-mul\libsmallc.a(lib_a-puts.o)
 .comment       0x0000000000000023       0x24 d:/intelfpga/18.1/quartuslitesetup/nios2eds/bin/gnu/h-x86_64-mingw32/bin/../lib/gcc/nios2-elf/5.3.0/../../../../../H-x86_64-mingw32/nios2-elf/lib/mno-hw-mul\libsmallc.a(lib_a-strlen.o)
 .comment       0x0000000000000023       0x24 d:/intelfpga/18.1/quartuslitesetup/nios2eds/bin/gnu/h-x86_64-mingw32/bin/../lib/gcc/nios2-elf/5.3.0/../../../../../H-x86_64-mingw32/nios2-elf/lib/mno-hw-mul\libsmallc.a(lib_a-vfprintf.o)
 .comment       0x0000000000000023       0x24 d:/intelfpga/18.1/quartuslitesetup/nios2eds/bin/gnu/h-x86_64-mingw32/bin/../lib/gcc/nios2-elf/5.3.0/../../../../../H-x86_64-mingw32/nios2-elf/lib/mno-hw-mul\libsmallc.a(lib_a-fvwrite_small_dev.o)
 .comment       0x0000000000000023       0x24 d:/intelfpga/18.1/quartuslitesetup/nios2eds/bin/gnu/h-x86_64-mingw32/bin/../lib/gcc/nios2-elf/5.3.0/../../../../../H-x86_64-mingw32/nios2-elf/lib/mno-hw-mul\libsmallc.a(lib_a-impure.o)
 .comment       0x0000000000000023       0x24 d:/intelfpga/18.1/quartuslitesetup/nios2eds/bin/gnu/h-x86_64-mingw32/bin/../lib/gcc/nios2-elf/5.3.0/../../../../../H-x86_64-mingw32/nios2-elf/lib/mno-hw-mul\libsmallc.a(lib_a-writer.o)
 .comment       0x0000000000000023       0x24 d:/intelfpga/18.1/quartuslitesetup/nios2eds/bin/gnu/h-x86_64-mingw32/bin/../lib/gcc/nios2-elf/5.3.0/../../../../../H-x86_64-mingw32/nios2-elf/lib/mno-hw-mul\libsmallc.a(lib_a-int_errno.o)
 .comment       0x0000000000000023       0x24 d:/intelfpga/18.1/quartuslitesetup/nios2eds/bin/gnu/h-x86_64-mingw32/bin/../lib/gcc/nios2-elf/5.3.0/mno-hw-mul\libgcc.a(lib2-divmod.o)
 .comment       0x0000000000000023       0x24 d:/intelfpga/18.1/quartuslitesetup/nios2eds/bin/gnu/h-x86_64-mingw32/bin/../lib/gcc/nios2-elf/5.3.0/mno-hw-mul\libgcc.a(lib2-mul.o)
 .comment       0x0000000000000023       0x24 ../lab6_sw_bsp/\libhal_bsp.a(alt_load.o)
 .comment       0x0000000000000023       0x24 ../lab6_sw_bsp/\libhal_bsp.a(alt_main.o)
 .comment       0x0000000000000023       0x24 ../lab6_sw_bsp/\libhal_bsp.a(alt_usleep.o)
 .comment       0x0000000000000023       0x24 ../lab6_sw_bsp/\libhal_bsp.a(alt_write.o)
 .comment       0x0000000000000023       0x24 ../lab6_sw_bsp/\libhal_bsp.a(alt_sys_init.o)
 .comment       0x0000000000000023       0x24 ../lab6_sw_bsp/\libhal_bsp.a(altera_avalon_jtag_uart_write.o)
 .comment       0x0000000000000023       0x24 ../lab6_sw_bsp/\libhal_bsp.a(altera_avalon_timer_ts.o)
 .comment       0x0000000000000023       0x24 ../lab6_sw_bsp/\libhal_bsp.a(altera_avalon_timer_vars.o)
 .comment       0x0000000000000023       0x24 ../lab6_sw_bsp/\libhal_bsp.a(alt_busy_sleep.o)
 .comment       0x0000000000000023       0x24 ../lab6_sw_bsp/\libhal_bsp.a(alt_dcache_flush_all.o)
 .comment       0x0000000000000023       0x24 ../lab6_sw_bsp/\libhal_bsp.a(alt_errno.o)
 .comment       0x0000000000000023       0x24 ../lab6_sw_bsp/\libhal_bsp.a(alt_icache_flush_all.o)
 .comment       0x0000000000000023       0x24 ../lab6_sw_bsp/\libhal_bsp.a(altera_nios2_gen2_irq.o)

.debug
 *(.debug)

.line
 *(.line)

.debug_srcinfo
 *(.debug_srcinfo)

.debug_sfnames
 *(.debug_sfnames)

.debug_aranges  0x0000000000000000      0x328
 *(.debug_aranges)
 .debug_aranges
                0x0000000000000000       0x28 ../lab6_sw_bsp//obj/HAL/src/crt0.o
 .debug_aranges
                0x0000000000000028       0x20 obj/default/lab6_source_hw.o
 .debug_aranges
                0x0000000000000048       0x28 d:/intelfpga/18.1/quartuslitesetup/nios2eds/bin/gnu/h-x86_64-mingw32/bin/../lib/gcc/nios2-elf/5.3.0/../../../../../H-x86_64-mingw32/nios2-elf/lib/mno-hw-mul\libsmallc.a(lib_a-printf.o)
 .debug_aranges
                0x0000000000000070       0x28 d:/intelfpga/18.1/quartuslitesetup/nios2eds/bin/gnu/h-x86_64-mingw32/bin/../lib/gcc/nios2-elf/5.3.0/../../../../../H-x86_64-mingw32/nios2-elf/lib/mno-hw-mul\libsmallc.a(lib_a-puts.o)
 .debug_aranges
                0x0000000000000098       0x20 d:/intelfpga/18.1/quartuslitesetup/nios2eds/bin/gnu/h-x86_64-mingw32/bin/../lib/gcc/nios2-elf/5.3.0/../../../../../H-x86_64-mingw32/nios2-elf/lib/mno-hw-mul\libsmallc.a(lib_a-strlen.o)
 .debug_aranges
                0x00000000000000b8       0x30 d:/intelfpga/18.1/quartuslitesetup/nios2eds/bin/gnu/h-x86_64-mingw32/bin/../lib/gcc/nios2-elf/5.3.0/../../../../../H-x86_64-mingw32/nios2-elf/lib/mno-hw-mul\libsmallc.a(lib_a-vfprintf.o)
 .debug_aranges
                0x00000000000000e8       0x20 d:/intelfpga/18.1/quartuslitesetup/nios2eds/bin/gnu/h-x86_64-mingw32/bin/../lib/gcc/nios2-elf/5.3.0/../../../../../H-x86_64-mingw32/nios2-elf/lib/mno-hw-mul\libsmallc.a(lib_a-fvwrite_small_dev.o)
 .debug_aranges
                0x0000000000000108       0x18 d:/intelfpga/18.1/quartuslitesetup/nios2eds/bin/gnu/h-x86_64-mingw32/bin/../lib/gcc/nios2-elf/5.3.0/../../../../../H-x86_64-mingw32/nios2-elf/lib/mno-hw-mul\libsmallc.a(lib_a-impure.o)
 .debug_aranges
                0x0000000000000120       0x20 d:/intelfpga/18.1/quartuslitesetup/nios2eds/bin/gnu/h-x86_64-mingw32/bin/../lib/gcc/nios2-elf/5.3.0/../../../../../H-x86_64-mingw32/nios2-elf/lib/mno-hw-mul\libsmallc.a(lib_a-writer.o)
 .debug_aranges
                0x0000000000000140       0x18 d:/intelfpga/18.1/quartuslitesetup/nios2eds/bin/gnu/h-x86_64-mingw32/bin/../lib/gcc/nios2-elf/5.3.0/../../../../../H-x86_64-mingw32/nios2-elf/lib/mno-hw-mul\libsmallc.a(lib_a-int_errno.o)
 .debug_aranges
                0x0000000000000158       0x20 d:/intelfpga/18.1/quartuslitesetup/nios2eds/bin/gnu/h-x86_64-mingw32/bin/../lib/gcc/nios2-elf/5.3.0/mno-hw-mul\libgcc.a(lib2-divmod.o)
 .debug_aranges
                0x0000000000000178       0x20 d:/intelfpga/18.1/quartuslitesetup/nios2eds/bin/gnu/h-x86_64-mingw32/bin/../lib/gcc/nios2-elf/5.3.0/mno-hw-mul\libgcc.a(lib2-mul.o)
 .debug_aranges
                0x0000000000000198       0x20 ../lab6_sw_bsp/\libhal_bsp.a(alt_load.o)
 .debug_aranges
                0x00000000000001b8       0x20 ../lab6_sw_bsp/\libhal_bsp.a(alt_main.o)
 .debug_aranges
                0x00000000000001d8       0x20 ../lab6_sw_bsp/\libhal_bsp.a(alt_usleep.o)
 .debug_aranges
                0x00000000000001f8       0x20 ../lab6_sw_bsp/\libhal_bsp.a(alt_write.o)
 .debug_aranges
                0x0000000000000218       0x20 ../lab6_sw_bsp/\libhal_bsp.a(alt_sys_init.o)
 .debug_aranges
                0x0000000000000238       0x20 ../lab6_sw_bsp/\libhal_bsp.a(altera_avalon_jtag_uart_write.o)
 .debug_aranges
                0x0000000000000258       0x20 ../lab6_sw_bsp/\libhal_bsp.a(altera_avalon_timer_ts.o)
 .debug_aranges
                0x0000000000000278       0x18 ../lab6_sw_bsp/\libhal_bsp.a(altera_avalon_timer_vars.o)
 .debug_aranges
                0x0000000000000290       0x20 ../lab6_sw_bsp/\libhal_bsp.a(alt_busy_sleep.o)
 .debug_aranges
                0x00000000000002b0       0x20 ../lab6_sw_bsp/\libhal_bsp.a(alt_dcache_flush_all.o)
 .debug_aranges
                0x00000000000002d0       0x18 ../lab6_sw_bsp/\libhal_bsp.a(alt_errno.o)
 .debug_aranges
                0x00000000000002e8       0x20 ../lab6_sw_bsp/\libhal_bsp.a(alt_icache_flush_all.o)
 .debug_aranges
                0x0000000000000308       0x20 ../lab6_sw_bsp/\libhal_bsp.a(altera_nios2_gen2_irq.o)

.debug_pubnames
 *(.debug_pubnames)

.debug_info     0x0000000000000000     0x3e28
 *(.debug_info .gnu.linkonce.wi.*)
 .debug_info    0x0000000000000000       0x6b ../lab6_sw_bsp//obj/HAL/src/crt0.o
 .debug_info    0x000000000000006b      0x154 obj/default/lab6_source_hw.o
 .debug_info    0x00000000000001bf      0x699 d:/intelfpga/18.1/quartuslitesetup/nios2eds/bin/gnu/h-x86_64-mingw32/bin/../lib/gcc/nios2-elf/5.3.0/../../../../../H-x86_64-mingw32/nios2-elf/lib/mno-hw-mul\libsmallc.a(lib_a-printf.o)
 .debug_info    0x0000000000000858      0x66d d:/intelfpga/18.1/quartuslitesetup/nios2eds/bin/gnu/h-x86_64-mingw32/bin/../lib/gcc/nios2-elf/5.3.0/../../../../../H-x86_64-mingw32/nios2-elf/lib/mno-hw-mul\libsmallc.a(lib_a-puts.o)
 .debug_info    0x0000000000000ec5       0xc9 d:/intelfpga/18.1/quartuslitesetup/nios2eds/bin/gnu/h-x86_64-mingw32/bin/../lib/gcc/nios2-elf/5.3.0/../../../../../H-x86_64-mingw32/nios2-elf/lib/mno-hw-mul\libsmallc.a(lib_a-strlen.o)
 .debug_info    0x0000000000000f8e      0xb2b d:/intelfpga/18.1/quartuslitesetup/nios2eds/bin/gnu/h-x86_64-mingw32/bin/../lib/gcc/nios2-elf/5.3.0/../../../../../H-x86_64-mingw32/nios2-elf/lib/mno-hw-mul\libsmallc.a(lib_a-vfprintf.o)
 .debug_info    0x0000000000001ab9      0x62b d:/intelfpga/18.1/quartuslitesetup/nios2eds/bin/gnu/h-x86_64-mingw32/bin/../lib/gcc/nios2-elf/5.3.0/../../../../../H-x86_64-mingw32/nios2-elf/lib/mno-hw-mul\libsmallc.a(lib_a-fvwrite_small_dev.o)
 .debug_info    0x00000000000020e4      0x5a9 d:/intelfpga/18.1/quartuslitesetup/nios2eds/bin/gnu/h-x86_64-mingw32/bin/../lib/gcc/nios2-elf/5.3.0/../../../../../H-x86_64-mingw32/nios2-elf/lib/mno-hw-mul\libsmallc.a(lib_a-impure.o)
 .debug_info    0x000000000000268d      0x630 d:/intelfpga/18.1/quartuslitesetup/nios2eds/bin/gnu/h-x86_64-mingw32/bin/../lib/gcc/nios2-elf/5.3.0/../../../../../H-x86_64-mingw32/nios2-elf/lib/mno-hw-mul\libsmallc.a(lib_a-writer.o)
 .debug_info    0x0000000000002cbd       0x8a d:/intelfpga/18.1/quartuslitesetup/nios2eds/bin/gnu/h-x86_64-mingw32/bin/../lib/gcc/nios2-elf/5.3.0/../../../../../H-x86_64-mingw32/nios2-elf/lib/mno-hw-mul\libsmallc.a(lib_a-int_errno.o)
 .debug_info    0x0000000000002d47      0x2c6 d:/intelfpga/18.1/quartuslitesetup/nios2eds/bin/gnu/h-x86_64-mingw32/bin/../lib/gcc/nios2-elf/5.3.0/mno-hw-mul\libgcc.a(lib2-divmod.o)
 .debug_info    0x000000000000300d       0xb4 d:/intelfpga/18.1/quartuslitesetup/nios2eds/bin/gnu/h-x86_64-mingw32/bin/../lib/gcc/nios2-elf/5.3.0/mno-hw-mul\libgcc.a(lib2-mul.o)
 .debug_info    0x00000000000030c1      0x145 ../lab6_sw_bsp/\libhal_bsp.a(alt_load.o)
 .debug_info    0x0000000000003206      0x11e ../lab6_sw_bsp/\libhal_bsp.a(alt_main.o)
 .debug_info    0x0000000000003324       0xb0 ../lab6_sw_bsp/\libhal_bsp.a(alt_usleep.o)
 .debug_info    0x00000000000033d4      0x1a0 ../lab6_sw_bsp/\libhal_bsp.a(alt_write.o)
 .debug_info    0x0000000000003574      0x188 ../lab6_sw_bsp/\libhal_bsp.a(alt_sys_init.o)
 .debug_info    0x00000000000036fc      0x195 ../lab6_sw_bsp/\libhal_bsp.a(altera_avalon_jtag_uart_write.o)
 .debug_info    0x0000000000003891      0x17b ../lab6_sw_bsp/\libhal_bsp.a(altera_avalon_timer_ts.o)
 .debug_info    0x0000000000003a0c       0xe9 ../lab6_sw_bsp/\libhal_bsp.a(altera_avalon_timer_vars.o)
 .debug_info    0x0000000000003af5       0xd7 ../lab6_sw_bsp/\libhal_bsp.a(alt_busy_sleep.o)
 .debug_info    0x0000000000003bcc       0x92 ../lab6_sw_bsp/\libhal_bsp.a(alt_dcache_flush_all.o)
 .debug_info    0x0000000000003c5e       0xa6 ../lab6_sw_bsp/\libhal_bsp.a(alt_errno.o)
 .debug_info    0x0000000000003d04       0x92 ../lab6_sw_bsp/\libhal_bsp.a(alt_icache_flush_all.o)
 .debug_info    0x0000000000003d96       0x92 ../lab6_sw_bsp/\libhal_bsp.a(altera_nios2_gen2_irq.o)

.debug_abbrev   0x0000000000000000     0x154a
 *(.debug_abbrev)
 .debug_abbrev  0x0000000000000000       0x12 ../lab6_sw_bsp//obj/HAL/src/crt0.o
 .debug_abbrev  0x0000000000000012       0xa7 obj/default/lab6_source_hw.o
 .debug_abbrev  0x00000000000000b9      0x1ee d:/intelfpga/18.1/quartuslitesetup/nios2eds/bin/gnu/h-x86_64-mingw32/bin/../lib/gcc/nios2-elf/5.3.0/../../../../../H-x86_64-mingw32/nios2-elf/lib/mno-hw-mul\libsmallc.a(lib_a-printf.o)
 .debug_abbrev  0x00000000000002a7      0x1d6 d:/intelfpga/18.1/quartuslitesetup/nios2eds/bin/gnu/h-x86_64-mingw32/bin/../lib/gcc/nios2-elf/5.3.0/../../../../../H-x86_64-mingw32/nios2-elf/lib/mno-hw-mul\libsmallc.a(lib_a-puts.o)
 .debug_abbrev  0x000000000000047d       0x7f d:/intelfpga/18.1/quartuslitesetup/nios2eds/bin/gnu/h-x86_64-mingw32/bin/../lib/gcc/nios2-elf/5.3.0/../../../../../H-x86_64-mingw32/nios2-elf/lib/mno-hw-mul\libsmallc.a(lib_a-strlen.o)
 .debug_abbrev  0x00000000000004fc      0x2a1 d:/intelfpga/18.1/quartuslitesetup/nios2eds/bin/gnu/h-x86_64-mingw32/bin/../lib/gcc/nios2-elf/5.3.0/../../../../../H-x86_64-mingw32/nios2-elf/lib/mno-hw-mul\libsmallc.a(lib_a-vfprintf.o)
 .debug_abbrev  0x000000000000079d      0x1bc d:/intelfpga/18.1/quartuslitesetup/nios2eds/bin/gnu/h-x86_64-mingw32/bin/../lib/gcc/nios2-elf/5.3.0/../../../../../H-x86_64-mingw32/nios2-elf/lib/mno-hw-mul\libsmallc.a(lib_a-fvwrite_small_dev.o)
 .debug_abbrev  0x0000000000000959      0x14a d:/intelfpga/18.1/quartuslitesetup/nios2eds/bin/gnu/h-x86_64-mingw32/bin/../lib/gcc/nios2-elf/5.3.0/../../../../../H-x86_64-mingw32/nios2-elf/lib/mno-hw-mul\libsmallc.a(lib_a-impure.o)
 .debug_abbrev  0x0000000000000aa3      0x1a6 d:/intelfpga/18.1/quartuslitesetup/nios2eds/bin/gnu/h-x86_64-mingw32/bin/../lib/gcc/nios2-elf/5.3.0/../../../../../H-x86_64-mingw32/nios2-elf/lib/mno-hw-mul\libsmallc.a(lib_a-writer.o)
 .debug_abbrev  0x0000000000000c49       0x37 d:/intelfpga/18.1/quartuslitesetup/nios2eds/bin/gnu/h-x86_64-mingw32/bin/../lib/gcc/nios2-elf/5.3.0/../../../../../H-x86_64-mingw32/nios2-elf/lib/mno-hw-mul\libsmallc.a(lib_a-int_errno.o)
 .debug_abbrev  0x0000000000000c80      0x10e d:/intelfpga/18.1/quartuslitesetup/nios2eds/bin/gnu/h-x86_64-mingw32/bin/../lib/gcc/nios2-elf/5.3.0/mno-hw-mul\libgcc.a(lib2-divmod.o)
 .debug_abbrev  0x0000000000000d8e       0x6f d:/intelfpga/18.1/quartuslitesetup/nios2eds/bin/gnu/h-x86_64-mingw32/bin/../lib/gcc/nios2-elf/5.3.0/mno-hw-mul\libgcc.a(lib2-mul.o)
 .debug_abbrev  0x0000000000000dfd       0x9f ../lab6_sw_bsp/\libhal_bsp.a(alt_load.o)
 .debug_abbrev  0x0000000000000e9c       0xa9 ../lab6_sw_bsp/\libhal_bsp.a(alt_main.o)
 .debug_abbrev  0x0000000000000f45       0x60 ../lab6_sw_bsp/\libhal_bsp.a(alt_usleep.o)
 .debug_abbrev  0x0000000000000fa5       0xf9 ../lab6_sw_bsp/\libhal_bsp.a(alt_write.o)
 .debug_abbrev  0x000000000000109e       0xf2 ../lab6_sw_bsp/\libhal_bsp.a(alt_sys_init.o)
 .debug_abbrev  0x0000000000001190       0xd5 ../lab6_sw_bsp/\libhal_bsp.a(altera_avalon_jtag_uart_write.o)
 .debug_abbrev  0x0000000000001265       0xc4 ../lab6_sw_bsp/\libhal_bsp.a(altera_avalon_timer_ts.o)
 .debug_abbrev  0x0000000000001329       0x83 ../lab6_sw_bsp/\libhal_bsp.a(altera_avalon_timer_vars.o)
 .debug_abbrev  0x00000000000013ac       0x7e ../lab6_sw_bsp/\libhal_bsp.a(alt_busy_sleep.o)
 .debug_abbrev  0x000000000000142a       0x42 ../lab6_sw_bsp/\libhal_bsp.a(alt_dcache_flush_all.o)
 .debug_abbrev  0x000000000000146c       0x5a ../lab6_sw_bsp/\libhal_bsp.a(alt_errno.o)
 .debug_abbrev  0x00000000000014c6       0x42 ../lab6_sw_bsp/\libhal_bsp.a(alt_icache_flush_all.o)
 .debug_abbrev  0x0000000000001508       0x42 ../lab6_sw_bsp/\libhal_bsp.a(altera_nios2_gen2_irq.o)

.debug_line     0x0000000000000000     0x199a
 *(.debug_line)
 .debug_line    0x0000000000000000       0x66 ../lab6_sw_bsp//obj/HAL/src/crt0.o
 .debug_line    0x0000000000000066       0xbb obj/default/lab6_source_hw.o
 .debug_line    0x0000000000000121      0x203 d:/intelfpga/18.1/quartuslitesetup/nios2eds/bin/gnu/h-x86_64-mingw32/bin/../lib/gcc/nios2-elf/5.3.0/../../../../../H-x86_64-mingw32/nios2-elf/lib/mno-hw-mul\libsmallc.a(lib_a-printf.o)
 .debug_line    0x0000000000000324      0x206 d:/intelfpga/18.1/quartuslitesetup/nios2eds/bin/gnu/h-x86_64-mingw32/bin/../lib/gcc/nios2-elf/5.3.0/../../../../../H-x86_64-mingw32/nios2-elf/lib/mno-hw-mul\libsmallc.a(lib_a-puts.o)
 .debug_line    0x000000000000052a      0x15c d:/intelfpga/18.1/quartuslitesetup/nios2eds/bin/gnu/h-x86_64-mingw32/bin/../lib/gcc/nios2-elf/5.3.0/../../../../../H-x86_64-mingw32/nios2-elf/lib/mno-hw-mul\libsmallc.a(lib_a-strlen.o)
 .debug_line    0x0000000000000686      0x351 d:/intelfpga/18.1/quartuslitesetup/nios2eds/bin/gnu/h-x86_64-mingw32/bin/../lib/gcc/nios2-elf/5.3.0/../../../../../H-x86_64-mingw32/nios2-elf/lib/mno-hw-mul\libsmallc.a(lib_a-vfprintf.o)
 .debug_line    0x00000000000009d7      0x1f0 d:/intelfpga/18.1/quartuslitesetup/nios2eds/bin/gnu/h-x86_64-mingw32/bin/../lib/gcc/nios2-elf/5.3.0/../../../../../H-x86_64-mingw32/nios2-elf/lib/mno-hw-mul\libsmallc.a(lib_a-fvwrite_small_dev.o)
 .debug_line    0x0000000000000bc7      0x156 d:/intelfpga/18.1/quartuslitesetup/nios2eds/bin/gnu/h-x86_64-mingw32/bin/../lib/gcc/nios2-elf/5.3.0/../../../../../H-x86_64-mingw32/nios2-elf/lib/mno-hw-mul\libsmallc.a(lib_a-impure.o)
 .debug_line    0x0000000000000d1d      0x1ed d:/intelfpga/18.1/quartuslitesetup/nios2eds/bin/gnu/h-x86_64-mingw32/bin/../lib/gcc/nios2-elf/5.3.0/../../../../../H-x86_64-mingw32/nios2-elf/lib/mno-hw-mul\libsmallc.a(lib_a-writer.o)
 .debug_line    0x0000000000000f0a       0x5f d:/intelfpga/18.1/quartuslitesetup/nios2eds/bin/gnu/h-x86_64-mingw32/bin/../lib/gcc/nios2-elf/5.3.0/../../../../../H-x86_64-mingw32/nios2-elf/lib/mno-hw-mul\libsmallc.a(lib_a-int_errno.o)
 .debug_line    0x0000000000000f69      0x105 d:/intelfpga/18.1/quartuslitesetup/nios2eds/bin/gnu/h-x86_64-mingw32/bin/../lib/gcc/nios2-elf/5.3.0/mno-hw-mul\libgcc.a(lib2-divmod.o)
 .debug_line    0x000000000000106e       0x80 d:/intelfpga/18.1/quartuslitesetup/nios2eds/bin/gnu/h-x86_64-mingw32/bin/../lib/gcc/nios2-elf/5.3.0/mno-hw-mul\libgcc.a(lib2-mul.o)
 .debug_line    0x00000000000010ee       0x8e ../lab6_sw_bsp/\libhal_bsp.a(alt_load.o)
 .debug_line    0x000000000000117c       0x99 ../lab6_sw_bsp/\libhal_bsp.a(alt_main.o)
 .debug_line    0x0000000000001215       0xb9 ../lab6_sw_bsp/\libhal_bsp.a(alt_usleep.o)
 .debug_line    0x00000000000012ce      0x189 ../lab6_sw_bsp/\libhal_bsp.a(alt_write.o)
 .debug_line    0x0000000000001457      0x104 ../lab6_sw_bsp/\libhal_bsp.a(alt_sys_init.o)
 .debug_line    0x000000000000155b       0xf4 ../lab6_sw_bsp/\libhal_bsp.a(altera_avalon_jtag_uart_write.o)
 .debug_line    0x000000000000164f       0xdd ../lab6_sw_bsp/\libhal_bsp.a(altera_avalon_timer_ts.o)
 .debug_line    0x000000000000172c       0x8a ../lab6_sw_bsp/\libhal_bsp.a(altera_avalon_timer_vars.o)
 .debug_line    0x00000000000017b6       0xa2 ../lab6_sw_bsp/\libhal_bsp.a(alt_busy_sleep.o)
 .debug_line    0x0000000000001858       0x51 ../lab6_sw_bsp/\libhal_bsp.a(alt_dcache_flush_all.o)
 .debug_line    0x00000000000018a9       0x51 ../lab6_sw_bsp/\libhal_bsp.a(alt_errno.o)
 .debug_line    0x00000000000018fa       0x4f ../lab6_sw_bsp/\libhal_bsp.a(alt_icache_flush_all.o)
 .debug_line    0x0000000000001949       0x51 ../lab6_sw_bsp/\libhal_bsp.a(altera_nios2_gen2_irq.o)

.debug_frame    0x0000000000000000      0x574
 *(.debug_frame)
 .debug_frame   0x0000000000000000       0x2c obj/default/lab6_source_hw.o
 .debug_frame   0x000000000000002c       0x48 d:/intelfpga/18.1/quartuslitesetup/nios2eds/bin/gnu/h-x86_64-mingw32/bin/../lib/gcc/nios2-elf/5.3.0/../../../../../H-x86_64-mingw32/nios2-elf/lib/mno-hw-mul\libsmallc.a(lib_a-printf.o)
 .debug_frame   0x0000000000000074       0x48 d:/intelfpga/18.1/quartuslitesetup/nios2eds/bin/gnu/h-x86_64-mingw32/bin/../lib/gcc/nios2-elf/5.3.0/../../../../../H-x86_64-mingw32/nios2-elf/lib/mno-hw-mul\libsmallc.a(lib_a-puts.o)
 .debug_frame   0x00000000000000bc       0x20 d:/intelfpga/18.1/quartuslitesetup/nios2eds/bin/gnu/h-x86_64-mingw32/bin/../lib/gcc/nios2-elf/5.3.0/../../../../../H-x86_64-mingw32/nios2-elf/lib/mno-hw-mul\libsmallc.a(lib_a-strlen.o)
 .debug_frame   0x00000000000000dc       0x8c d:/intelfpga/18.1/quartuslitesetup/nios2eds/bin/gnu/h-x86_64-mingw32/bin/../lib/gcc/nios2-elf/5.3.0/../../../../../H-x86_64-mingw32/nios2-elf/lib/mno-hw-mul\libsmallc.a(lib_a-vfprintf.o)
 .debug_frame   0x0000000000000168       0x58 d:/intelfpga/18.1/quartuslitesetup/nios2eds/bin/gnu/h-x86_64-mingw32/bin/../lib/gcc/nios2-elf/5.3.0/../../../../../H-x86_64-mingw32/nios2-elf/lib/mno-hw-mul\libsmallc.a(lib_a-fvwrite_small_dev.o)
 .debug_frame   0x00000000000001c0       0x38 d:/intelfpga/18.1/quartuslitesetup/nios2eds/bin/gnu/h-x86_64-mingw32/bin/../lib/gcc/nios2-elf/5.3.0/../../../../../H-x86_64-mingw32/nios2-elf/lib/mno-hw-mul\libsmallc.a(lib_a-writer.o)
 .debug_frame   0x00000000000001f8       0x50 d:/intelfpga/18.1/quartuslitesetup/nios2eds/bin/gnu/h-x86_64-mingw32/bin/../lib/gcc/nios2-elf/5.3.0/mno-hw-mul\libgcc.a(lib2-divmod.o)
 .debug_frame   0x0000000000000248       0x20 d:/intelfpga/18.1/quartuslitesetup/nios2eds/bin/gnu/h-x86_64-mingw32/bin/../lib/gcc/nios2-elf/5.3.0/mno-hw-mul\libgcc.a(lib2-mul.o)
 .debug_frame   0x0000000000000268       0x5c ../lab6_sw_bsp/\libhal_bsp.a(alt_load.o)
 .debug_frame   0x00000000000002c4       0x38 ../lab6_sw_bsp/\libhal_bsp.a(alt_main.o)
 .debug_frame   0x00000000000002fc       0x38 ../lab6_sw_bsp/\libhal_bsp.a(alt_usleep.o)
 .debug_frame   0x0000000000000334       0x60 ../lab6_sw_bsp/\libhal_bsp.a(alt_write.o)
 .debug_frame   0x0000000000000394       0x5c ../lab6_sw_bsp/\libhal_bsp.a(alt_sys_init.o)
 .debug_frame   0x00000000000003f0       0x34 ../lab6_sw_bsp/\libhal_bsp.a(altera_avalon_jtag_uart_write.o)
 .debug_frame   0x0000000000000424       0x7c ../lab6_sw_bsp/\libhal_bsp.a(altera_avalon_timer_ts.o)
 .debug_frame   0x00000000000004a0       0x38 ../lab6_sw_bsp/\libhal_bsp.a(alt_busy_sleep.o)
 .debug_frame   0x00000000000004d8       0x34 ../lab6_sw_bsp/\libhal_bsp.a(alt_dcache_flush_all.o)
 .debug_frame   0x000000000000050c       0x34 ../lab6_sw_bsp/\libhal_bsp.a(alt_icache_flush_all.o)
 .debug_frame   0x0000000000000540       0x34 ../lab6_sw_bsp/\libhal_bsp.a(altera_nios2_gen2_irq.o)

.debug_str      0x0000000000000000     0x10c7
 *(.debug_str)
 .debug_str     0x0000000000000000      0x15c obj/default/lab6_source_hw.o
                                        0x19f (size before relaxing)
 .debug_str     0x000000000000015c      0x438 d:/intelfpga/18.1/quartuslitesetup/nios2eds/bin/gnu/h-x86_64-mingw32/bin/../lib/gcc/nios2-elf/5.3.0/../../../../../H-x86_64-mingw32/nios2-elf/lib/mno-hw-mul\libsmallc.a(lib_a-printf.o)
                                        0x504 (size before relaxing)
 .debug_str     0x0000000000000594       0x63 d:/intelfpga/18.1/quartuslitesetup/nios2eds/bin/gnu/h-x86_64-mingw32/bin/../lib/gcc/nios2-elf/5.3.0/../../../../../H-x86_64-mingw32/nios2-elf/lib/mno-hw-mul\libsmallc.a(lib_a-puts.o)
                                        0x4cd (size before relaxing)
 .debug_str     0x00000000000005f7       0xd2 d:/intelfpga/18.1/quartuslitesetup/nios2eds/bin/gnu/h-x86_64-mingw32/bin/../lib/gcc/nios2-elf/5.3.0/../../../../../H-x86_64-mingw32/nios2-elf/lib/mno-hw-mul\libsmallc.a(lib_a-strlen.o)
                                        0x1e5 (size before relaxing)
 .debug_str     0x00000000000006c9      0x1f8 d:/intelfpga/18.1/quartuslitesetup/nios2eds/bin/gnu/h-x86_64-mingw32/bin/../lib/gcc/nios2-elf/5.3.0/../../../../../H-x86_64-mingw32/nios2-elf/lib/mno-hw-mul\libsmallc.a(lib_a-vfprintf.o)
                                        0x67f (size before relaxing)
 .debug_str     0x00000000000008c1       0x63 d:/intelfpga/18.1/quartuslitesetup/nios2eds/bin/gnu/h-x86_64-mingw32/bin/../lib/gcc/nios2-elf/5.3.0/../../../../../H-x86_64-mingw32/nios2-elf/lib/mno-hw-mul\libsmallc.a(lib_a-fvwrite_small_dev.o)
                                        0x4d4 (size before relaxing)
 .debug_str     0x0000000000000924       0xef d:/intelfpga/18.1/quartuslitesetup/nios2eds/bin/gnu/h-x86_64-mingw32/bin/../lib/gcc/nios2-elf/5.3.0/../../../../../H-x86_64-mingw32/nios2-elf/lib/mno-hw-mul\libsmallc.a(lib_a-impure.o)
                                        0x4be (size before relaxing)
 .debug_str     0x0000000000000a13       0x45 d:/intelfpga/18.1/quartuslitesetup/nios2eds/bin/gnu/h-x86_64-mingw32/bin/../lib/gcc/nios2-elf/5.3.0/../../../../../H-x86_64-mingw32/nios2-elf/lib/mno-hw-mul\libsmallc.a(lib_a-writer.o)
                                        0x4b8 (size before relaxing)
 .debug_str     0x0000000000000a58       0x3f d:/intelfpga/18.1/quartuslitesetup/nios2eds/bin/gnu/h-x86_64-mingw32/bin/../lib/gcc/nios2-elf/5.3.0/../../../../../H-x86_64-mingw32/nios2-elf/lib/mno-hw-mul\libsmallc.a(lib_a-int_errno.o)
                                        0x1d8 (size before relaxing)
 .debug_str     0x0000000000000a97      0x187 d:/intelfpga/18.1/quartuslitesetup/nios2eds/bin/gnu/h-x86_64-mingw32/bin/../lib/gcc/nios2-elf/5.3.0/mno-hw-mul\libgcc.a(lib2-divmod.o)
                                        0x1d2 (size before relaxing)
 .debug_str     0x0000000000000c1e       0x40 d:/intelfpga/18.1/quartuslitesetup/nios2eds/bin/gnu/h-x86_64-mingw32/bin/../lib/gcc/nios2-elf/5.3.0/mno-hw-mul\libgcc.a(lib2-mul.o)
                                        0x193 (size before relaxing)
 .debug_str     0x0000000000000c5e      0x120 ../lab6_sw_bsp/\libhal_bsp.a(alt_load.o)
                                        0x20f (size before relaxing)
 .debug_str     0x0000000000000d7e       0x44 ../lab6_sw_bsp/\libhal_bsp.a(alt_main.o)
                                        0x193 (size before relaxing)
 .debug_str     0x0000000000000dc2       0x27 ../lab6_sw_bsp/\libhal_bsp.a(alt_usleep.o)
                                        0x145 (size before relaxing)
 .debug_str     0x0000000000000de9       0x74 ../lab6_sw_bsp/\libhal_bsp.a(alt_write.o)
                                        0x1db (size before relaxing)
 .debug_str     0x0000000000000e5d       0xb8 ../lab6_sw_bsp/\libhal_bsp.a(alt_sys_init.o)
                                        0x23e (size before relaxing)
 .debug_str     0x0000000000000f15       0x2c ../lab6_sw_bsp/\libhal_bsp.a(altera_avalon_jtag_uart_write.o)
                                        0x212 (size before relaxing)
 .debug_str     0x0000000000000f41       0x66 ../lab6_sw_bsp/\libhal_bsp.a(altera_avalon_timer_ts.o)
                                        0x201 (size before relaxing)
 .debug_str     0x0000000000000fa7       0x27 ../lab6_sw_bsp/\libhal_bsp.a(altera_avalon_timer_vars.o)
                                        0x1b6 (size before relaxing)
 .debug_str     0x0000000000000fce       0x42 ../lab6_sw_bsp/\libhal_bsp.a(alt_busy_sleep.o)
                                        0x168 (size before relaxing)
 .debug_str     0x0000000000001010       0x34 ../lab6_sw_bsp/\libhal_bsp.a(alt_dcache_flush_all.o)
                                        0x152 (size before relaxing)
 .debug_str     0x0000000000001044       0x14 ../lab6_sw_bsp/\libhal_bsp.a(alt_errno.o)
                                        0x142 (size before relaxing)
 .debug_str     0x0000000000001058       0x34 ../lab6_sw_bsp/\libhal_bsp.a(alt_icache_flush_all.o)
                                        0x152 (size before relaxing)
 .debug_str     0x000000000000108c       0x3b ../lab6_sw_bsp/\libhal_bsp.a(altera_nios2_gen2_irq.o)
                                        0x159 (size before relaxing)

.debug_loc      0x0000000000000000     0x11e5
 *(.debug_loc)
 .debug_loc     0x0000000000000000       0xc6 d:/intelfpga/18.1/quartuslitesetup/nios2eds/bin/gnu/h-x86_64-mingw32/bin/../lib/gcc/nios2-elf/5.3.0/../../../../../H-x86_64-mingw32/nios2-elf/lib/mno-hw-mul\libsmallc.a(lib_a-printf.o)
 .debug_loc     0x00000000000000c6       0x97 d:/intelfpga/18.1/quartuslitesetup/nios2eds/bin/gnu/h-x86_64-mingw32/bin/../lib/gcc/nios2-elf/5.3.0/../../../../../H-x86_64-mingw32/nios2-elf/lib/mno-hw-mul\libsmallc.a(lib_a-puts.o)
 .debug_loc     0x000000000000015d       0x1e d:/intelfpga/18.1/quartuslitesetup/nios2eds/bin/gnu/h-x86_64-mingw32/bin/../lib/gcc/nios2-elf/5.3.0/../../../../../H-x86_64-mingw32/nios2-elf/lib/mno-hw-mul\libsmallc.a(lib_a-strlen.o)
 .debug_loc     0x000000000000017b      0x954 d:/intelfpga/18.1/quartuslitesetup/nios2eds/bin/gnu/h-x86_64-mingw32/bin/../lib/gcc/nios2-elf/5.3.0/../../../../../H-x86_64-mingw32/nios2-elf/lib/mno-hw-mul\libsmallc.a(lib_a-vfprintf.o)
 .debug_loc     0x0000000000000acf      0x110 d:/intelfpga/18.1/quartuslitesetup/nios2eds/bin/gnu/h-x86_64-mingw32/bin/../lib/gcc/nios2-elf/5.3.0/../../../../../H-x86_64-mingw32/nios2-elf/lib/mno-hw-mul\libsmallc.a(lib_a-fvwrite_small_dev.o)
 .debug_loc     0x0000000000000bdf       0xa5 d:/intelfpga/18.1/quartuslitesetup/nios2eds/bin/gnu/h-x86_64-mingw32/bin/../lib/gcc/nios2-elf/5.3.0/../../../../../H-x86_64-mingw32/nios2-elf/lib/mno-hw-mul\libsmallc.a(lib_a-writer.o)
 .debug_loc     0x0000000000000c84      0x4ce d:/intelfpga/18.1/quartuslitesetup/nios2eds/bin/gnu/h-x86_64-mingw32/bin/../lib/gcc/nios2-elf/5.3.0/mno-hw-mul\libgcc.a(lib2-divmod.o)
 .debug_loc     0x0000000000001152       0x93 d:/intelfpga/18.1/quartuslitesetup/nios2eds/bin/gnu/h-x86_64-mingw32/bin/../lib/gcc/nios2-elf/5.3.0/mno-hw-mul\libgcc.a(lib2-mul.o)

.debug_macinfo
 *(.debug_macinfo)

.debug_weaknames
 *(.debug_weaknames)

.debug_funcnames
 *(.debug_funcnames)

.debug_typenames
 *(.debug_typenames)

.debug_varnames
 *(.debug_varnames)

.debug_alt_sim_info
                0x0000000000000000       0x40
 *(.debug_alt_sim_info)
 .debug_alt_sim_info
                0x0000000000000000       0x10 ../lab6_sw_bsp//obj/HAL/src/crt0.o
 .debug_alt_sim_info
                0x0000000000000010       0x30 ../lab6_sw_bsp/\libhal_bsp.a(alt_busy_sleep.o)
                0x0000000000008000                __alt_data_end = 0x8000
                0x0000000000008000                PROVIDE (__alt_stack_pointer, __alt_data_end)
                [!provide]                        PROVIDE (__alt_stack_limit, __alt_stack_base)
                [!provide]                        PROVIDE (__alt_heap_start, end)
                [!provide]                        PROVIDE (__alt_heap_limit, 0x8000)
OUTPUT(lab6_sw.elf elf32-littlenios2)

.debug_ranges   0x0000000000000000      0x1c0
 .debug_ranges  0x0000000000000000       0x20 ../lab6_sw_bsp//obj/HAL/src/crt0.o
 .debug_ranges  0x0000000000000020       0x18 d:/intelfpga/18.1/quartuslitesetup/nios2eds/bin/gnu/h-x86_64-mingw32/bin/../lib/gcc/nios2-elf/5.3.0/../../../../../H-x86_64-mingw32/nios2-elf/lib/mno-hw-mul\libsmallc.a(lib_a-printf.o)
 .debug_ranges  0x0000000000000038       0x18 d:/intelfpga/18.1/quartuslitesetup/nios2eds/bin/gnu/h-x86_64-mingw32/bin/../lib/gcc/nios2-elf/5.3.0/../../../../../H-x86_64-mingw32/nios2-elf/lib/mno-hw-mul\libsmallc.a(lib_a-puts.o)
 .debug_ranges  0x0000000000000050       0x10 d:/intelfpga/18.1/quartuslitesetup/nios2eds/bin/gnu/h-x86_64-mingw32/bin/../lib/gcc/nios2-elf/5.3.0/../../../../../H-x86_64-mingw32/nios2-elf/lib/mno-hw-mul\libsmallc.a(lib_a-strlen.o)
 .debug_ranges  0x0000000000000060       0xc8 d:/intelfpga/18.1/quartuslitesetup/nios2eds/bin/gnu/h-x86_64-mingw32/bin/../lib/gcc/nios2-elf/5.3.0/../../../../../H-x86_64-mingw32/nios2-elf/lib/mno-hw-mul\libsmallc.a(lib_a-vfprintf.o)
 .debug_ranges  0x0000000000000128       0x28 d:/intelfpga/18.1/quartuslitesetup/nios2eds/bin/gnu/h-x86_64-mingw32/bin/../lib/gcc/nios2-elf/5.3.0/../../../../../H-x86_64-mingw32/nios2-elf/lib/mno-hw-mul\libsmallc.a(lib_a-fvwrite_small_dev.o)
 .debug_ranges  0x0000000000000150       0x10 d:/intelfpga/18.1/quartuslitesetup/nios2eds/bin/gnu/h-x86_64-mingw32/bin/../lib/gcc/nios2-elf/5.3.0/../../../../../H-x86_64-mingw32/nios2-elf/lib/mno-hw-mul\libsmallc.a(lib_a-writer.o)
 .debug_ranges  0x0000000000000160       0x60 d:/intelfpga/18.1/quartuslitesetup/nios2eds/bin/gnu/h-x86_64-mingw32/bin/../lib/gcc/nios2-elf/5.3.0/mno-hw-mul\libgcc.a(lib2-divmod.o)
