Archive member included to satisfy reference by file (symbol)

../lab2_extra_task_sw_bsp/\libhal_bsp.a(alt_load.o)
                              ../lab2_extra_task_sw_bsp//obj/HAL/src/crt0.o (alt_load)
../lab2_extra_task_sw_bsp/\libhal_bsp.a(alt_main.o)
                              ../lab2_extra_task_sw_bsp//obj/HAL/src/crt0.o (alt_main)
../lab2_extra_task_sw_bsp/\libhal_bsp.a(alt_usleep.o)
                              obj/default/lab2_extra_task_source.o (usleep)
../lab2_extra_task_sw_bsp/\libhal_bsp.a(alt_sys_init.o)
                              ../lab2_extra_task_sw_bsp/\libhal_bsp.a(alt_main.o) (alt_irq_init)
../lab2_extra_task_sw_bsp/\libhal_bsp.a(alt_busy_sleep.o)
                              ../lab2_extra_task_sw_bsp/\libhal_bsp.a(alt_usleep.o) (alt_busy_sleep)
../lab2_extra_task_sw_bsp/\libhal_bsp.a(alt_close.o)
                              ../lab2_extra_task_sw_bsp/\libhal_bsp.a(alt_main.o) (close)
../lab2_extra_task_sw_bsp/\libhal_bsp.a(alt_dcache_flush_all.o)
                              ../lab2_extra_task_sw_bsp/\libhal_bsp.a(alt_load.o) (alt_dcache_flush_all)
../lab2_extra_task_sw_bsp/\libhal_bsp.a(alt_dev.o)
                              ../lab2_extra_task_sw_bsp/\libhal_bsp.a(alt_close.o) (alt_fd_list)
../lab2_extra_task_sw_bsp/\libhal_bsp.a(alt_do_ctors.o)
                              ../lab2_extra_task_sw_bsp/\libhal_bsp.a(alt_main.o) (_do_ctors)
../lab2_extra_task_sw_bsp/\libhal_bsp.a(alt_do_dtors.o)
                              ../lab2_extra_task_sw_bsp/\libhal_bsp.a(alt_main.o) (_do_dtors)
../lab2_extra_task_sw_bsp/\libhal_bsp.a(alt_errno.o)
                              ../lab2_extra_task_sw_bsp/\libhal_bsp.a(alt_close.o) (alt_errno)
../lab2_extra_task_sw_bsp/\libhal_bsp.a(alt_icache_flush_all.o)
                              ../lab2_extra_task_sw_bsp/\libhal_bsp.a(alt_load.o) (alt_icache_flush_all)
../lab2_extra_task_sw_bsp/\libhal_bsp.a(alt_release_fd.o)
                              ../lab2_extra_task_sw_bsp/\libhal_bsp.a(alt_close.o) (alt_release_fd)
../lab2_extra_task_sw_bsp/\libhal_bsp.a(altera_nios2_gen2_irq.o)
                              ../lab2_extra_task_sw_bsp/\libhal_bsp.a(alt_sys_init.o) (altera_nios2_gen2_irq_init)
d:/intelfpga/18.1/quartuslitesetup/nios2eds/bin/gnu/h-x86_64-mingw32/bin/../lib/gcc/nios2-elf/5.3.0/../../../../../H-x86_64-mingw32/nios2-elf/lib/mno-hw-mul\libc.a(lib_a-atexit.o)
                              ../lab2_extra_task_sw_bsp/\libhal_bsp.a(alt_main.o) (atexit)
d:/intelfpga/18.1/quartuslitesetup/nios2eds/bin/gnu/h-x86_64-mingw32/bin/../lib/gcc/nios2-elf/5.3.0/../../../../../H-x86_64-mingw32/nios2-elf/lib/mno-hw-mul\libc.a(lib_a-exit.o)
                              ../lab2_extra_task_sw_bsp/\libhal_bsp.a(alt_main.o) (exit)
d:/intelfpga/18.1/quartuslitesetup/nios2eds/bin/gnu/h-x86_64-mingw32/bin/../lib/gcc/nios2-elf/5.3.0/../../../../../H-x86_64-mingw32/nios2-elf/lib/mno-hw-mul\libc.a(lib_a-impure.o)
                              d:/intelfpga/18.1/quartuslitesetup/nios2eds/bin/gnu/h-x86_64-mingw32/bin/../lib/gcc/nios2-elf/5.3.0/../../../../../H-x86_64-mingw32/nios2-elf/lib/mno-hw-mul\libc.a(lib_a-exit.o) (_global_impure_ptr)
d:/intelfpga/18.1/quartuslitesetup/nios2eds/bin/gnu/h-x86_64-mingw32/bin/../lib/gcc/nios2-elf/5.3.0/../../../../../H-x86_64-mingw32/nios2-elf/lib/mno-hw-mul\libc.a(lib_a-int_errno.o)
                              ../lab2_extra_task_sw_bsp/\libhal_bsp.a(alt_close.o) (errno)
d:/intelfpga/18.1/quartuslitesetup/nios2eds/bin/gnu/h-x86_64-mingw32/bin/../lib/gcc/nios2-elf/5.3.0/../../../../../H-x86_64-mingw32/nios2-elf/lib/mno-hw-mul\libc.a(lib_a-__atexit.o)
                              d:/intelfpga/18.1/quartuslitesetup/nios2eds/bin/gnu/h-x86_64-mingw32/bin/../lib/gcc/nios2-elf/5.3.0/../../../../../H-x86_64-mingw32/nios2-elf/lib/mno-hw-mul\libc.a(lib_a-atexit.o) (__register_exitproc)
d:/intelfpga/18.1/quartuslitesetup/nios2eds/bin/gnu/h-x86_64-mingw32/bin/../lib/gcc/nios2-elf/5.3.0/../../../../../H-x86_64-mingw32/nios2-elf/lib/mno-hw-mul\libc.a(lib_a-__call_atexit.o)
                              d:/intelfpga/18.1/quartuslitesetup/nios2eds/bin/gnu/h-x86_64-mingw32/bin/../lib/gcc/nios2-elf/5.3.0/../../../../../H-x86_64-mingw32/nios2-elf/lib/mno-hw-mul\libc.a(lib_a-exit.o) (__call_exitprocs)
d:/intelfpga/18.1/quartuslitesetup/nios2eds/bin/gnu/h-x86_64-mingw32/bin/../lib/gcc/nios2-elf/5.3.0/mno-hw-mul\libgcc.a(lib2-divmod.o)
                              ../lab2_extra_task_sw_bsp/\libhal_bsp.a(alt_busy_sleep.o) (__udivsi3)
d:/intelfpga/18.1/quartuslitesetup/nios2eds/bin/gnu/h-x86_64-mingw32/bin/../lib/gcc/nios2-elf/5.3.0/mno-hw-mul\libgcc.a(lib2-mul.o)
                              ../lab2_extra_task_sw_bsp/\libhal_bsp.a(alt_busy_sleep.o) (__mulsi3)
../lab2_extra_task_sw_bsp/\libhal_bsp.a(alt_exit.o)
                              d:/intelfpga/18.1/quartuslitesetup/nios2eds/bin/gnu/h-x86_64-mingw32/bin/../lib/gcc/nios2-elf/5.3.0/../../../../../H-x86_64-mingw32/nios2-elf/lib/mno-hw-mul\libc.a(lib_a-exit.o) (_exit)

Allocating common symbols
Common symbol       size              file

errno               0x4               d:/intelfpga/18.1/quartuslitesetup/nios2eds/bin/gnu/h-x86_64-mingw32/bin/../lib/gcc/nios2-elf/5.3.0/../../../../../H-x86_64-mingw32/nios2-elf/lib/mno-hw-mul\libc.a(lib_a-int_errno.o)

Memory Configuration

Name             Origin             Length             Attributes
reset            0x0000000000004000 0x0000000000000020
onchip_mem       0x0000000000004020 0x0000000000003fe0
*default*        0x0000000000000000 0xffffffffffffffff

Linker script and memory map

LOAD ../lab2_extra_task_sw_bsp//obj/HAL/src/crt0.o
LOAD obj/default/lab2_extra_task_source.o
LOAD d:/intelfpga/18.1/quartuslitesetup/nios2eds/bin/gnu/h-x86_64-mingw32/bin/../lib/gcc/nios2-elf/5.3.0/../../../../../H-x86_64-mingw32/nios2-elf/lib/mno-hw-mul\libstdc++.a
LOAD d:/intelfpga/18.1/quartuslitesetup/nios2eds/bin/gnu/h-x86_64-mingw32/bin/../lib/gcc/nios2-elf/5.3.0/../../../../../H-x86_64-mingw32/nios2-elf/lib/mno-hw-mul\libm.a
LOAD d:/intelfpga/18.1/quartuslitesetup/nios2eds/bin/gnu/h-x86_64-mingw32/bin/../lib/gcc/nios2-elf/5.3.0/mno-hw-mul\libgcc.a
START GROUP
LOAD d:/intelfpga/18.1/quartuslitesetup/nios2eds/bin/gnu/h-x86_64-mingw32/bin/../lib/gcc/nios2-elf/5.3.0/../../../../../H-x86_64-mingw32/nios2-elf/lib/mno-hw-mul\libc.a
LOAD d:/intelfpga/18.1/quartuslitesetup/nios2eds/bin/gnu/h-x86_64-mingw32/bin/../lib/gcc/nios2-elf/5.3.0/mno-hw-mul\libgcc.a
LOAD ../lab2_extra_task_sw_bsp/\libhal_bsp.a
LOAD d:/intelfpga/18.1/quartuslitesetup/nios2eds/bin/gnu/h-x86_64-mingw32/bin/../lib/gcc/nios2-elf/5.3.0/../../../../../H-x86_64-mingw32/nios2-elf/lib/mno-hw-mul\libm.a
END GROUP
LOAD d:/intelfpga/18.1/quartuslitesetup/nios2eds/bin/gnu/h-x86_64-mingw32/bin/../lib/gcc/nios2-elf/5.3.0/mno-hw-mul\libgcc.a
                0x0000000000004000                __alt_mem_onchip_mem = 0x4000

.entry          0x0000000000004000       0x20
 *(.entry)
 .entry         0x0000000000004000       0x20 ../lab2_extra_task_sw_bsp//obj/HAL/src/crt0.o
                0x0000000000004000                __reset

.exceptions     0x0000000000004020        0x0
                0x0000000000004020                PROVIDE (__ram_exceptions_start, ABSOLUTE (.))
                0x0000000000004020                . = ALIGN (0x20)
 *(.irq)
 *(.exceptions.entry.label)
 *(.exceptions.entry.user)
 *(.exceptions.entry.ecc_fatal)
 *(.exceptions.entry)
 *(.exceptions.irqtest.user)
 *(.exceptions.irqtest)
 *(.exceptions.irqhandler.user)
 *(.exceptions.irqhandler)
 *(.exceptions.irqreturn.user)
 *(.exceptions.irqreturn)
 *(.exceptions.notirq.label)
 *(.exceptions.notirq.user)
 *(.exceptions.notirq)
 *(.exceptions.soft.user)
 *(.exceptions.soft)
 *(.exceptions.unknown.user)
 *(.exceptions.unknown)
 *(.exceptions.exit.label)
 *(.exceptions.exit.user)
 *(.exceptions.exit)
 *(.exceptions)
                0x0000000000004020                PROVIDE (__ram_exceptions_end, ABSOLUTE (.))
                0x0000000000004020                PROVIDE (__flash_exceptions_start, LOADADDR (.exceptions))

.text           0x0000000000004020      0xbdc
                [!provide]                        PROVIDE (stext, ABSOLUTE (.))
 *(.interp)
 *(.hash)
 *(.dynsym)
 *(.dynstr)
 *(.gnu.version)
 *(.gnu.version_d)
 *(.gnu.version_r)
 *(.rel.init)
 *(.rela.init)
 *(.rel.text .rel.text.* .rel.gnu.linkonce.t.*)
 *(.rela.text .rela.text.* .rela.gnu.linkonce.t.*)
 *(.rel.fini)
 *(.rela.fini)
 *(.rel.rodata .rel.rodata.* .rel.gnu.linkonce.r.*)
 *(.rela.rodata .rela.rodata.* .rela.gnu.linkonce.r.*)
 *(.rel.data .rel.data.* .rel.gnu.linkonce.d.*)
 *(.rela.data .rela.data.* .rela.gnu.linkonce.d.*)
 *(.rel.tdata .rel.tdata.* .rel.gnu.linkonce.td.*)
 *(.rela.tdata .rela.tdata.* .rela.gnu.linkonce.td.*)
 *(.rel.tbss .rel.tbss.* .rel.gnu.linkonce.tb.*)
 *(.rela.tbss .rela.tbss.* .rela.gnu.linkonce.tb.*)
 *(.rel.ctors)
 *(.rela.ctors)
 *(.rel.dtors)
 *(.rela.dtors)
 *(.rel.got)
 *(.rela.got)
 *(.rel.sdata .rel.sdata.* .rel.gnu.linkonce.s.*)
 *(.rela.sdata .rela.sdata.* .rela.gnu.linkonce.s.*)
 *(.rel.sbss .rel.sbss.* .rel.gnu.linkonce.sb.*)
 *(.rela.sbss .rela.sbss.* .rela.gnu.linkonce.sb.*)
 *(.rel.sdata2 .rel.sdata2.* .rel.gnu.linkonce.s2.*)
 *(.rela.sdata2 .rela.sdata2.* .rela.gnu.linkonce.s2.*)
 *(.rel.sbss2 .rel.sbss2.* .rel.gnu.linkonce.sb2.*)
 *(.rela.sbss2 .rela.sbss2.* .rela.gnu.linkonce.sb2.*)
 *(.rel.bss .rel.bss.* .rel.gnu.linkonce.b.*)
 *(.rela.bss .rela.bss.* .rela.gnu.linkonce.b.*)
 *(.rel.plt)
 *(.rela.plt)
 *(.rel.dyn)
 *(.init)
 *(.plt)
 *(.text .stub .text.* .gnu.linkonce.t.*)
 .text          0x0000000000004020       0x3c ../lab2_extra_task_sw_bsp//obj/HAL/src/crt0.o
                0x0000000000004020                _start
 .text          0x000000000000405c       0x98 obj/default/lab2_extra_task_source.o
                0x000000000000405c                main
 .text          0x00000000000040f4       0xec ../lab2_extra_task_sw_bsp/\libhal_bsp.a(alt_load.o)
                0x000000000000415c                alt_load
 .text          0x00000000000041e0       0x60 ../lab2_extra_task_sw_bsp/\libhal_bsp.a(alt_main.o)
                0x00000000000041e0                alt_main
 .text          0x0000000000004240       0x30 ../lab2_extra_task_sw_bsp/\libhal_bsp.a(alt_usleep.o)
                0x0000000000004240                usleep
 .text          0x0000000000004270       0x58 ../lab2_extra_task_sw_bsp/\libhal_bsp.a(alt_sys_init.o)
                0x0000000000004270                alt_irq_init
                0x00000000000042a8                alt_sys_init
 .text          0x00000000000042c8      0x158 ../lab2_extra_task_sw_bsp/\libhal_bsp.a(alt_busy_sleep.o)
                0x00000000000042c8                alt_busy_sleep
 .text          0x0000000000004420      0x114 ../lab2_extra_task_sw_bsp/\libhal_bsp.a(alt_close.o)
                0x000000000000445c                close
 .text          0x0000000000004534       0x20 ../lab2_extra_task_sw_bsp/\libhal_bsp.a(alt_dcache_flush_all.o)
                0x0000000000004534                alt_dcache_flush_all
 .text          0x0000000000004554       0x2c ../lab2_extra_task_sw_bsp/\libhal_bsp.a(alt_dev.o)
 .text          0x0000000000004580       0x60 ../lab2_extra_task_sw_bsp/\libhal_bsp.a(alt_do_ctors.o)
                0x0000000000004580                _do_ctors
 .text          0x00000000000045e0       0x60 ../lab2_extra_task_sw_bsp/\libhal_bsp.a(alt_do_dtors.o)
                0x00000000000045e0                _do_dtors
 .text          0x0000000000004640        0x0 ../lab2_extra_task_sw_bsp/\libhal_bsp.a(alt_errno.o)
 .text          0x0000000000004640       0x20 ../lab2_extra_task_sw_bsp/\libhal_bsp.a(alt_icache_flush_all.o)
                0x0000000000004640                alt_icache_flush_all
 .text          0x0000000000004660       0x84 ../lab2_extra_task_sw_bsp/\libhal_bsp.a(alt_release_fd.o)
                0x0000000000004660                alt_release_fd
 .text          0x00000000000046e4       0x24 ../lab2_extra_task_sw_bsp/\libhal_bsp.a(altera_nios2_gen2_irq.o)
                0x00000000000046e4                altera_nios2_gen2_irq_init
 .text          0x0000000000004708        0x0 d:/intelfpga/18.1/quartuslitesetup/nios2eds/bin/gnu/h-x86_64-mingw32/bin/../lib/gcc/nios2-elf/5.3.0/../../../../../H-x86_64-mingw32/nios2-elf/lib/mno-hw-mul\libc.a(lib_a-atexit.o)
 .text.atexit   0x0000000000004708       0x14 d:/intelfpga/18.1/quartuslitesetup/nios2eds/bin/gnu/h-x86_64-mingw32/bin/../lib/gcc/nios2-elf/5.3.0/../../../../../H-x86_64-mingw32/nios2-elf/lib/mno-hw-mul\libc.a(lib_a-atexit.o)
                0x0000000000004708                atexit
 .text          0x000000000000471c        0x0 d:/intelfpga/18.1/quartuslitesetup/nios2eds/bin/gnu/h-x86_64-mingw32/bin/../lib/gcc/nios2-elf/5.3.0/../../../../../H-x86_64-mingw32/nios2-elf/lib/mno-hw-mul\libc.a(lib_a-exit.o)
 .text.exit     0x000000000000471c       0x38 d:/intelfpga/18.1/quartuslitesetup/nios2eds/bin/gnu/h-x86_64-mingw32/bin/../lib/gcc/nios2-elf/5.3.0/../../../../../H-x86_64-mingw32/nios2-elf/lib/mno-hw-mul\libc.a(lib_a-exit.o)
                0x000000000000471c                exit
 .text          0x0000000000004754        0x0 d:/intelfpga/18.1/quartuslitesetup/nios2eds/bin/gnu/h-x86_64-mingw32/bin/../lib/gcc/nios2-elf/5.3.0/../../../../../H-x86_64-mingw32/nios2-elf/lib/mno-hw-mul\libc.a(lib_a-impure.o)
 .text          0x0000000000004754        0x0 d:/intelfpga/18.1/quartuslitesetup/nios2eds/bin/gnu/h-x86_64-mingw32/bin/../lib/gcc/nios2-elf/5.3.0/../../../../../H-x86_64-mingw32/nios2-elf/lib/mno-hw-mul\libc.a(lib_a-int_errno.o)
 .text          0x0000000000004754        0x0 d:/intelfpga/18.1/quartuslitesetup/nios2eds/bin/gnu/h-x86_64-mingw32/bin/../lib/gcc/nios2-elf/5.3.0/../../../../../H-x86_64-mingw32/nios2-elf/lib/mno-hw-mul\libc.a(lib_a-__atexit.o)
 .text.__register_exitproc
                0x0000000000004754      0x118 d:/intelfpga/18.1/quartuslitesetup/nios2eds/bin/gnu/h-x86_64-mingw32/bin/../lib/gcc/nios2-elf/5.3.0/../../../../../H-x86_64-mingw32/nios2-elf/lib/mno-hw-mul\libc.a(lib_a-__atexit.o)
                0x0000000000004754                __register_exitproc
 .text          0x000000000000486c        0x0 d:/intelfpga/18.1/quartuslitesetup/nios2eds/bin/gnu/h-x86_64-mingw32/bin/../lib/gcc/nios2-elf/5.3.0/../../../../../H-x86_64-mingw32/nios2-elf/lib/mno-hw-mul\libc.a(lib_a-__call_atexit.o)
 .text.__call_exitprocs
                0x000000000000486c      0x180 d:/intelfpga/18.1/quartuslitesetup/nios2eds/bin/gnu/h-x86_64-mingw32/bin/../lib/gcc/nios2-elf/5.3.0/../../../../../H-x86_64-mingw32/nios2-elf/lib/mno-hw-mul\libc.a(lib_a-__call_atexit.o)
                0x000000000000486c                __call_exitprocs
 .text          0x00000000000049ec      0x1b4 d:/intelfpga/18.1/quartuslitesetup/nios2eds/bin/gnu/h-x86_64-mingw32/bin/../lib/gcc/nios2-elf/5.3.0/mno-hw-mul\libgcc.a(lib2-divmod.o)
                0x00000000000049ec                __divsi3
                0x0000000000004a70                __modsi3
                0x0000000000004ae4                __udivsi3
                0x0000000000004b48                __umodsi3
 .text          0x0000000000004ba0       0x28 d:/intelfpga/18.1/quartuslitesetup/nios2eds/bin/gnu/h-x86_64-mingw32/bin/../lib/gcc/nios2-elf/5.3.0/mno-hw-mul\libgcc.a(lib2-mul.o)
                0x0000000000004ba0                __mulsi3
 .text          0x0000000000004bc8       0x34 ../lab2_extra_task_sw_bsp/\libhal_bsp.a(alt_exit.o)
                0x0000000000004bc8                _exit
 *(.gnu.warning.*)
 *(.fini)
                [!provide]                        PROVIDE (__etext, ABSOLUTE (.))
                [!provide]                        PROVIDE (_etext, ABSOLUTE (.))
                [!provide]                        PROVIDE (etext, ABSOLUTE (.))
 *(.eh_frame_hdr)
                0x0000000000004bfc                . = ALIGN (0x4)
                [!provide]                        PROVIDE (__preinit_array_start, ABSOLUTE (.))
 *(.preinit_array)
                [!provide]                        PROVIDE (__preinit_array_end, ABSOLUTE (.))
                [!provide]                        PROVIDE (__init_array_start, ABSOLUTE (.))
 *(.init_array)
                [!provide]                        PROVIDE (__init_array_end, ABSOLUTE (.))
                [!provide]                        PROVIDE (__fini_array_start, ABSOLUTE (.))
 *(.fini_array)
                [!provide]                        PROVIDE (__fini_array_end, ABSOLUTE (.))
 *(.eh_frame)
 *(.gcc_except_table .gcc_except_table.*)
 *(.dynamic)
                0x0000000000004bfc                PROVIDE (__CTOR_LIST__, ABSOLUTE (.))
 *(.ctors)
 *(SORT(.ctors.*))
                0x0000000000004bfc                PROVIDE (__CTOR_END__, ABSOLUTE (.))
                0x0000000000004bfc                PROVIDE (__DTOR_LIST__, ABSOLUTE (.))
 *(.dtors)
 *(SORT(.dtors.*))
                0x0000000000004bfc                PROVIDE (__DTOR_END__, ABSOLUTE (.))
 *(.jcr)
                0x0000000000004bfc                . = ALIGN (0x4)

.rodata         0x0000000000004bfc       0x10
                0x0000000000004bfc                PROVIDE (__ram_rodata_start, ABSOLUTE (.))
                0x0000000000004bfc                . = ALIGN (0x4)
 *(.rodata .rodata.* .gnu.linkonce.r.*)
 .rodata        0x0000000000004bfc        0xa ../lab2_extra_task_sw_bsp/\libhal_bsp.a(alt_dev.o)
 *fill*         0x0000000000004c06        0x2 
 .rodata.str1.4
                0x0000000000004c08        0x4 d:/intelfpga/18.1/quartuslitesetup/nios2eds/bin/gnu/h-x86_64-mingw32/bin/../lib/gcc/nios2-elf/5.3.0/../../../../../H-x86_64-mingw32/nios2-elf/lib/mno-hw-mul\libc.a(lib_a-impure.o)
                                          0x2 (size before relaxing)
 *(.rodata1)
                0x0000000000004c0c                . = ALIGN (0x4)
                0x0000000000004c0c                PROVIDE (__ram_rodata_end, ABSOLUTE (.))
                0x0000000000004bfc                PROVIDE (__flash_rodata_start, LOADADDR (.rodata))

.rwdata         0x0000000000004c0c      0x5ec load address 0x00000000000051f8
                0x0000000000004c0c                PROVIDE (__ram_rwdata_start, ABSOLUTE (.))
                0x0000000000004c0c                . = ALIGN (0x4)
 *(.got.plt)
 *(.got)
 *(.data1)
 *(.data .data.* .gnu.linkonce.d.*)
 .data          0x0000000000004c0c        0x0 ../lab2_extra_task_sw_bsp//obj/HAL/src/crt0.o
 .data          0x0000000000004c0c        0x0 obj/default/lab2_extra_task_source.o
 .data          0x0000000000004c0c        0x0 ../lab2_extra_task_sw_bsp/\libhal_bsp.a(alt_load.o)
 .data          0x0000000000004c0c        0x0 ../lab2_extra_task_sw_bsp/\libhal_bsp.a(alt_main.o)
 .data          0x0000000000004c0c        0x0 ../lab2_extra_task_sw_bsp/\libhal_bsp.a(alt_usleep.o)
 .data          0x0000000000004c0c        0x0 ../lab2_extra_task_sw_bsp/\libhal_bsp.a(alt_sys_init.o)
 .data          0x0000000000004c0c        0x0 ../lab2_extra_task_sw_bsp/\libhal_bsp.a(alt_busy_sleep.o)
 .data          0x0000000000004c0c        0x0 ../lab2_extra_task_sw_bsp/\libhal_bsp.a(alt_close.o)
 .data          0x0000000000004c0c        0x0 ../lab2_extra_task_sw_bsp/\libhal_bsp.a(alt_dcache_flush_all.o)
 .data          0x0000000000004c0c      0x1a8 ../lab2_extra_task_sw_bsp/\libhal_bsp.a(alt_dev.o)
                0x0000000000004c0c                alt_dev_null
                0x0000000000004c34                alt_fd_list
 .data          0x0000000000004db4        0x0 ../lab2_extra_task_sw_bsp/\libhal_bsp.a(alt_do_ctors.o)
 .data          0x0000000000004db4        0x0 ../lab2_extra_task_sw_bsp/\libhal_bsp.a(alt_do_dtors.o)
 .data          0x0000000000004db4        0x0 ../lab2_extra_task_sw_bsp/\libhal_bsp.a(alt_errno.o)
 .data          0x0000000000004db4        0x0 ../lab2_extra_task_sw_bsp/\libhal_bsp.a(alt_icache_flush_all.o)
 .data          0x0000000000004db4        0x0 ../lab2_extra_task_sw_bsp/\libhal_bsp.a(alt_release_fd.o)
 .data          0x0000000000004db4        0x0 ../lab2_extra_task_sw_bsp/\libhal_bsp.a(altera_nios2_gen2_irq.o)
 .data          0x0000000000004db4        0x0 d:/intelfpga/18.1/quartuslitesetup/nios2eds/bin/gnu/h-x86_64-mingw32/bin/../lib/gcc/nios2-elf/5.3.0/../../../../../H-x86_64-mingw32/nios2-elf/lib/mno-hw-mul\libc.a(lib_a-atexit.o)
 .data          0x0000000000004db4        0x0 d:/intelfpga/18.1/quartuslitesetup/nios2eds/bin/gnu/h-x86_64-mingw32/bin/../lib/gcc/nios2-elf/5.3.0/../../../../../H-x86_64-mingw32/nios2-elf/lib/mno-hw-mul\libc.a(lib_a-exit.o)
 .data          0x0000000000004db4        0x0 d:/intelfpga/18.1/quartuslitesetup/nios2eds/bin/gnu/h-x86_64-mingw32/bin/../lib/gcc/nios2-elf/5.3.0/../../../../../H-x86_64-mingw32/nios2-elf/lib/mno-hw-mul\libc.a(lib_a-impure.o)
 .data.impure_data
                0x0000000000004db4      0x424 d:/intelfpga/18.1/quartuslitesetup/nios2eds/bin/gnu/h-x86_64-mingw32/bin/../lib/gcc/nios2-elf/5.3.0/../../../../../H-x86_64-mingw32/nios2-elf/lib/mno-hw-mul\libc.a(lib_a-impure.o)
 .data          0x00000000000051d8        0x0 d:/intelfpga/18.1/quartuslitesetup/nios2eds/bin/gnu/h-x86_64-mingw32/bin/../lib/gcc/nios2-elf/5.3.0/../../../../../H-x86_64-mingw32/nios2-elf/lib/mno-hw-mul\libc.a(lib_a-int_errno.o)
 .data          0x00000000000051d8        0x0 d:/intelfpga/18.1/quartuslitesetup/nios2eds/bin/gnu/h-x86_64-mingw32/bin/../lib/gcc/nios2-elf/5.3.0/../../../../../H-x86_64-mingw32/nios2-elf/lib/mno-hw-mul\libc.a(lib_a-__atexit.o)
 .data          0x00000000000051d8        0x0 d:/intelfpga/18.1/quartuslitesetup/nios2eds/bin/gnu/h-x86_64-mingw32/bin/../lib/gcc/nios2-elf/5.3.0/../../../../../H-x86_64-mingw32/nios2-elf/lib/mno-hw-mul\libc.a(lib_a-__call_atexit.o)
 .data          0x00000000000051d8        0x0 d:/intelfpga/18.1/quartuslitesetup/nios2eds/bin/gnu/h-x86_64-mingw32/bin/../lib/gcc/nios2-elf/5.3.0/mno-hw-mul\libgcc.a(lib2-divmod.o)
 .data          0x00000000000051d8        0x0 d:/intelfpga/18.1/quartuslitesetup/nios2eds/bin/gnu/h-x86_64-mingw32/bin/../lib/gcc/nios2-elf/5.3.0/mno-hw-mul\libgcc.a(lib2-mul.o)
 .data          0x00000000000051d8        0x0 ../lab2_extra_task_sw_bsp/\libhal_bsp.a(alt_exit.o)
                0x000000000000d1d8                _gp = ABSOLUTE ((. + 0x8000))
                [!provide]                        PROVIDE (gp, _gp)
 *(.rwdata .rwdata.*)
 *(.sdata .sdata.* .gnu.linkonce.s.*)
 .sdata         0x00000000000051d8       0x14 ../lab2_extra_task_sw_bsp/\libhal_bsp.a(alt_dev.o)
                0x00000000000051d8                alt_fs_list
                0x00000000000051e0                alt_dev_list
                0x00000000000051e8                alt_max_fd
 .sdata         0x00000000000051ec        0x4 ../lab2_extra_task_sw_bsp/\libhal_bsp.a(alt_errno.o)
                0x00000000000051ec                alt_errno
 .sdata._global_impure_ptr
                0x00000000000051f0        0x4 d:/intelfpga/18.1/quartuslitesetup/nios2eds/bin/gnu/h-x86_64-mingw32/bin/../lib/gcc/nios2-elf/5.3.0/../../../../../H-x86_64-mingw32/nios2-elf/lib/mno-hw-mul\libc.a(lib_a-impure.o)
                0x00000000000051f0                _global_impure_ptr
 .sdata._impure_ptr
                0x00000000000051f4        0x4 d:/intelfpga/18.1/quartuslitesetup/nios2eds/bin/gnu/h-x86_64-mingw32/bin/../lib/gcc/nios2-elf/5.3.0/../../../../../H-x86_64-mingw32/nios2-elf/lib/mno-hw-mul\libc.a(lib_a-impure.o)
                0x00000000000051f4                _impure_ptr
 *(.sdata2 .sdata2.* .gnu.linkonce.s2.*)
                0x00000000000051f8                . = ALIGN (0x4)
                0x00000000000051f8                _edata = ABSOLUTE (.)
                [!provide]                        PROVIDE (edata, ABSOLUTE (.))
                0x00000000000051f8                PROVIDE (__ram_rwdata_end, ABSOLUTE (.))
                0x00000000000051f8                PROVIDE (__flash_rwdata_start, LOADADDR (.rwdata))

.bss            0x00000000000057e4       0x10
                0x00000000000057e4                __bss_start = ABSOLUTE (.)
                [!provide]                        PROVIDE (__sbss_start, ABSOLUTE (.))
                [!provide]                        PROVIDE (___sbss_start, ABSOLUTE (.))
 *(.dynsbss)
 *(.sbss .sbss.* .gnu.linkonce.sb.*)
 .sbss          0x00000000000057e4        0xc ../lab2_extra_task_sw_bsp/\libhal_bsp.a(alt_main.o)
                0x00000000000057e4                alt_argc
                0x00000000000057e8                alt_argv
                0x00000000000057ec                alt_envp
 .sbss          0x00000000000057f0        0x4 d:/intelfpga/18.1/quartuslitesetup/nios2eds/bin/gnu/h-x86_64-mingw32/bin/../lib/gcc/nios2-elf/5.3.0/../../../../../H-x86_64-mingw32/nios2-elf/lib/mno-hw-mul\libc.a(lib_a-int_errno.o)
                0x00000000000057f0                errno
 *(.sbss2 .sbss2.* .gnu.linkonce.sb2.*)
 *(.scommon)
                [!provide]                        PROVIDE (__sbss_end, ABSOLUTE (.))
                [!provide]                        PROVIDE (___sbss_end, ABSOLUTE (.))
 *(.dynbss)
 *(.bss .bss.* .gnu.linkonce.b.*)
 .bss           0x00000000000057f4        0x0 ../lab2_extra_task_sw_bsp//obj/HAL/src/crt0.o
 .bss           0x00000000000057f4        0x0 obj/default/lab2_extra_task_source.o
 .bss           0x00000000000057f4        0x0 ../lab2_extra_task_sw_bsp/\libhal_bsp.a(alt_load.o)
 .bss           0x00000000000057f4        0x0 ../lab2_extra_task_sw_bsp/\libhal_bsp.a(alt_main.o)
 .bss           0x00000000000057f4        0x0 ../lab2_extra_task_sw_bsp/\libhal_bsp.a(alt_usleep.o)
 .bss           0x00000000000057f4        0x0 ../lab2_extra_task_sw_bsp/\libhal_bsp.a(alt_sys_init.o)
 .bss           0x00000000000057f4        0x0 ../lab2_extra_task_sw_bsp/\libhal_bsp.a(alt_busy_sleep.o)
 .bss           0x00000000000057f4        0x0 ../lab2_extra_task_sw_bsp/\libhal_bsp.a(alt_close.o)
 .bss           0x00000000000057f4        0x0 ../lab2_extra_task_sw_bsp/\libhal_bsp.a(alt_dcache_flush_all.o)
 .bss           0x00000000000057f4        0x0 ../lab2_extra_task_sw_bsp/\libhal_bsp.a(alt_dev.o)
 .bss           0x00000000000057f4        0x0 ../lab2_extra_task_sw_bsp/\libhal_bsp.a(alt_do_ctors.o)
 .bss           0x00000000000057f4        0x0 ../lab2_extra_task_sw_bsp/\libhal_bsp.a(alt_do_dtors.o)
 .bss           0x00000000000057f4        0x0 ../lab2_extra_task_sw_bsp/\libhal_bsp.a(alt_errno.o)
 .bss           0x00000000000057f4        0x0 ../lab2_extra_task_sw_bsp/\libhal_bsp.a(alt_icache_flush_all.o)
 .bss           0x00000000000057f4        0x0 ../lab2_extra_task_sw_bsp/\libhal_bsp.a(alt_release_fd.o)
 .bss           0x00000000000057f4        0x0 ../lab2_extra_task_sw_bsp/\libhal_bsp.a(altera_nios2_gen2_irq.o)
 .bss           0x00000000000057f4        0x0 d:/intelfpga/18.1/quartuslitesetup/nios2eds/bin/gnu/h-x86_64-mingw32/bin/../lib/gcc/nios2-elf/5.3.0/../../../../../H-x86_64-mingw32/nios2-elf/lib/mno-hw-mul\libc.a(lib_a-atexit.o)
 .bss           0x00000000000057f4        0x0 d:/intelfpga/18.1/quartuslitesetup/nios2eds/bin/gnu/h-x86_64-mingw32/bin/../lib/gcc/nios2-elf/5.3.0/../../../../../H-x86_64-mingw32/nios2-elf/lib/mno-hw-mul\libc.a(lib_a-exit.o)
 .bss           0x00000000000057f4        0x0 d:/intelfpga/18.1/quartuslitesetup/nios2eds/bin/gnu/h-x86_64-mingw32/bin/../lib/gcc/nios2-elf/5.3.0/../../../../../H-x86_64-mingw32/nios2-elf/lib/mno-hw-mul\libc.a(lib_a-impure.o)
 .bss           0x00000000000057f4        0x0 d:/intelfpga/18.1/quartuslitesetup/nios2eds/bin/gnu/h-x86_64-mingw32/bin/../lib/gcc/nios2-elf/5.3.0/../../../../../H-x86_64-mingw32/nios2-elf/lib/mno-hw-mul\libc.a(lib_a-int_errno.o)
 .bss           0x00000000000057f4        0x0 d:/intelfpga/18.1/quartuslitesetup/nios2eds/bin/gnu/h-x86_64-mingw32/bin/../lib/gcc/nios2-elf/5.3.0/../../../../../H-x86_64-mingw32/nios2-elf/lib/mno-hw-mul\libc.a(lib_a-__atexit.o)
 .bss           0x00000000000057f4        0x0 d:/intelfpga/18.1/quartuslitesetup/nios2eds/bin/gnu/h-x86_64-mingw32/bin/../lib/gcc/nios2-elf/5.3.0/../../../../../H-x86_64-mingw32/nios2-elf/lib/mno-hw-mul\libc.a(lib_a-__call_atexit.o)
 .bss           0x00000000000057f4        0x0 d:/intelfpga/18.1/quartuslitesetup/nios2eds/bin/gnu/h-x86_64-mingw32/bin/../lib/gcc/nios2-elf/5.3.0/mno-hw-mul\libgcc.a(lib2-divmod.o)
 .bss           0x00000000000057f4        0x0 d:/intelfpga/18.1/quartuslitesetup/nios2eds/bin/gnu/h-x86_64-mingw32/bin/../lib/gcc/nios2-elf/5.3.0/mno-hw-mul\libgcc.a(lib2-mul.o)
 .bss           0x00000000000057f4        0x0 ../lab2_extra_task_sw_bsp/\libhal_bsp.a(alt_exit.o)
 *(COMMON)
                0x00000000000057f4                . = ALIGN (0x4)
                0x00000000000057f4                __bss_end = ABSOLUTE (.)

.onchip_mem     0x00000000000057f4        0x0
                [!provide]                        PROVIDE (_alt_partition_onchip_mem_start, ABSOLUTE (.))
 *(.onchip_mem .onchip_mem. onchip_mem.*)
                0x00000000000057f4                . = ALIGN (0x4)
                [!provide]                        PROVIDE (_alt_partition_onchip_mem_end, ABSOLUTE (.))
                0x00000000000057f4                _end = ABSOLUTE (.)
                0x00000000000057f4                end = ABSOLUTE (.)
                0x00000000000057f4                __alt_stack_base = ABSOLUTE (.)
                [!provide]                        PROVIDE (_alt_partition_onchip_mem_load_addr, LOADADDR (.onchip_mem))

.stab
 *(.stab)

.stabstr
 *(.stabstr)

.stab.excl
 *(.stab.excl)

.stab.exclstr
 *(.stab.exclstr)

.stab.index
 *(.stab.index)

.stab.indexstr
 *(.stab.indexstr)

.comment        0x0000000000000000       0x23
 *(.comment)
 .comment       0x0000000000000000       0x23 obj/default/lab2_extra_task_source.o
                                         0x24 (size before relaxing)
 .comment       0x0000000000000023       0x24 ../lab2_extra_task_sw_bsp/\libhal_bsp.a(alt_load.o)
 .comment       0x0000000000000023       0x24 ../lab2_extra_task_sw_bsp/\libhal_bsp.a(alt_main.o)
 .comment       0x0000000000000023       0x24 ../lab2_extra_task_sw_bsp/\libhal_bsp.a(alt_usleep.o)
 .comment       0x0000000000000023       0x24 ../lab2_extra_task_sw_bsp/\libhal_bsp.a(alt_sys_init.o)
 .comment       0x0000000000000023       0x24 ../lab2_extra_task_sw_bsp/\libhal_bsp.a(alt_busy_sleep.o)
 .comment       0x0000000000000023       0x24 ../lab2_extra_task_sw_bsp/\libhal_bsp.a(alt_close.o)
 .comment       0x0000000000000023       0x24 ../lab2_extra_task_sw_bsp/\libhal_bsp.a(alt_dcache_flush_all.o)
 .comment       0x0000000000000023       0x24 ../lab2_extra_task_sw_bsp/\libhal_bsp.a(alt_dev.o)
 .comment       0x0000000000000023       0x24 ../lab2_extra_task_sw_bsp/\libhal_bsp.a(alt_do_ctors.o)
 .comment       0x0000000000000023       0x24 ../lab2_extra_task_sw_bsp/\libhal_bsp.a(alt_do_dtors.o)
 .comment       0x0000000000000023       0x24 ../lab2_extra_task_sw_bsp/\libhal_bsp.a(alt_errno.o)
 .comment       0x0000000000000023       0x24 ../lab2_extra_task_sw_bsp/\libhal_bsp.a(alt_icache_flush_all.o)
 .comment       0x0000000000000023       0x24 ../lab2_extra_task_sw_bsp/\libhal_bsp.a(alt_release_fd.o)
 .comment       0x0000000000000023       0x24 ../lab2_extra_task_sw_bsp/\libhal_bsp.a(altera_nios2_gen2_irq.o)
 .comment       0x0000000000000023       0x24 d:/intelfpga/18.1/quartuslitesetup/nios2eds/bin/gnu/h-x86_64-mingw32/bin/../lib/gcc/nios2-elf/5.3.0/../../../../../H-x86_64-mingw32/nios2-elf/lib/mno-hw-mul\libc.a(lib_a-atexit.o)
 .comment       0x0000000000000023       0x24 d:/intelfpga/18.1/quartuslitesetup/nios2eds/bin/gnu/h-x86_64-mingw32/bin/../lib/gcc/nios2-elf/5.3.0/../../../../../H-x86_64-mingw32/nios2-elf/lib/mno-hw-mul\libc.a(lib_a-exit.o)
 .comment       0x0000000000000023       0x24 d:/intelfpga/18.1/quartuslitesetup/nios2eds/bin/gnu/h-x86_64-mingw32/bin/../lib/gcc/nios2-elf/5.3.0/../../../../../H-x86_64-mingw32/nios2-elf/lib/mno-hw-mul\libc.a(lib_a-impure.o)
 .comment       0x0000000000000023       0x24 d:/intelfpga/18.1/quartuslitesetup/nios2eds/bin/gnu/h-x86_64-mingw32/bin/../lib/gcc/nios2-elf/5.3.0/../../../../../H-x86_64-mingw32/nios2-elf/lib/mno-hw-mul\libc.a(lib_a-int_errno.o)
 .comment       0x0000000000000023       0x24 d:/intelfpga/18.1/quartuslitesetup/nios2eds/bin/gnu/h-x86_64-mingw32/bin/../lib/gcc/nios2-elf/5.3.0/../../../../../H-x86_64-mingw32/nios2-elf/lib/mno-hw-mul\libc.a(lib_a-__atexit.o)
 .comment       0x0000000000000023       0x24 d:/intelfpga/18.1/quartuslitesetup/nios2eds/bin/gnu/h-x86_64-mingw32/bin/../lib/gcc/nios2-elf/5.3.0/../../../../../H-x86_64-mingw32/nios2-elf/lib/mno-hw-mul\libc.a(lib_a-__call_atexit.o)
 .comment       0x0000000000000023       0x24 d:/intelfpga/18.1/quartuslitesetup/nios2eds/bin/gnu/h-x86_64-mingw32/bin/../lib/gcc/nios2-elf/5.3.0/mno-hw-mul\libgcc.a(lib2-divmod.o)
 .comment       0x0000000000000023       0x24 d:/intelfpga/18.1/quartuslitesetup/nios2eds/bin/gnu/h-x86_64-mingw32/bin/../lib/gcc/nios2-elf/5.3.0/mno-hw-mul\libgcc.a(lib2-mul.o)
 .comment       0x0000000000000023       0x24 ../lab2_extra_task_sw_bsp/\libhal_bsp.a(alt_exit.o)

.debug
 *(.debug)

.line
 *(.line)

.debug_srcinfo
 *(.debug_srcinfo)

.debug_sfnames
 *(.debug_sfnames)

.debug_aranges  0x0000000000000000      0x310
 *(.debug_aranges)
 .debug_aranges
                0x0000000000000000       0x28 ../lab2_extra_task_sw_bsp//obj/HAL/src/crt0.o
 .debug_aranges
                0x0000000000000028       0x20 obj/default/lab2_extra_task_source.o
 .debug_aranges
                0x0000000000000048       0x20 ../lab2_extra_task_sw_bsp/\libhal_bsp.a(alt_load.o)
 .debug_aranges
                0x0000000000000068       0x20 ../lab2_extra_task_sw_bsp/\libhal_bsp.a(alt_main.o)
 .debug_aranges
                0x0000000000000088       0x20 ../lab2_extra_task_sw_bsp/\libhal_bsp.a(alt_usleep.o)
 .debug_aranges
                0x00000000000000a8       0x20 ../lab2_extra_task_sw_bsp/\libhal_bsp.a(alt_sys_init.o)
 .debug_aranges
                0x00000000000000c8       0x20 ../lab2_extra_task_sw_bsp/\libhal_bsp.a(alt_busy_sleep.o)
 .debug_aranges
                0x00000000000000e8       0x20 ../lab2_extra_task_sw_bsp/\libhal_bsp.a(alt_close.o)
 .debug_aranges
                0x0000000000000108       0x20 ../lab2_extra_task_sw_bsp/\libhal_bsp.a(alt_dcache_flush_all.o)
 .debug_aranges
                0x0000000000000128       0x20 ../lab2_extra_task_sw_bsp/\libhal_bsp.a(alt_dev.o)
 .debug_aranges
                0x0000000000000148       0x20 ../lab2_extra_task_sw_bsp/\libhal_bsp.a(alt_do_ctors.o)
 .debug_aranges
                0x0000000000000168       0x20 ../lab2_extra_task_sw_bsp/\libhal_bsp.a(alt_do_dtors.o)
 .debug_aranges
                0x0000000000000188       0x18 ../lab2_extra_task_sw_bsp/\libhal_bsp.a(alt_errno.o)
 .debug_aranges
                0x00000000000001a0       0x20 ../lab2_extra_task_sw_bsp/\libhal_bsp.a(alt_icache_flush_all.o)
 .debug_aranges
                0x00000000000001c0       0x20 ../lab2_extra_task_sw_bsp/\libhal_bsp.a(alt_release_fd.o)
 .debug_aranges
                0x00000000000001e0       0x20 ../lab2_extra_task_sw_bsp/\libhal_bsp.a(altera_nios2_gen2_irq.o)
 .debug_aranges
                0x0000000000000200       0x20 d:/intelfpga/18.1/quartuslitesetup/nios2eds/bin/gnu/h-x86_64-mingw32/bin/../lib/gcc/nios2-elf/5.3.0/../../../../../H-x86_64-mingw32/nios2-elf/lib/mno-hw-mul\libc.a(lib_a-atexit.o)
 .debug_aranges
                0x0000000000000220       0x20 d:/intelfpga/18.1/quartuslitesetup/nios2eds/bin/gnu/h-x86_64-mingw32/bin/../lib/gcc/nios2-elf/5.3.0/../../../../../H-x86_64-mingw32/nios2-elf/lib/mno-hw-mul\libc.a(lib_a-exit.o)
 .debug_aranges
                0x0000000000000240       0x18 d:/intelfpga/18.1/quartuslitesetup/nios2eds/bin/gnu/h-x86_64-mingw32/bin/../lib/gcc/nios2-elf/5.3.0/../../../../../H-x86_64-mingw32/nios2-elf/lib/mno-hw-mul\libc.a(lib_a-impure.o)
 .debug_aranges
                0x0000000000000258       0x18 d:/intelfpga/18.1/quartuslitesetup/nios2eds/bin/gnu/h-x86_64-mingw32/bin/../lib/gcc/nios2-elf/5.3.0/../../../../../H-x86_64-mingw32/nios2-elf/lib/mno-hw-mul\libc.a(lib_a-int_errno.o)
 .debug_aranges
                0x0000000000000270       0x20 d:/intelfpga/18.1/quartuslitesetup/nios2eds/bin/gnu/h-x86_64-mingw32/bin/../lib/gcc/nios2-elf/5.3.0/../../../../../H-x86_64-mingw32/nios2-elf/lib/mno-hw-mul\libc.a(lib_a-__atexit.o)
 .debug_aranges
                0x0000000000000290       0x20 d:/intelfpga/18.1/quartuslitesetup/nios2eds/bin/gnu/h-x86_64-mingw32/bin/../lib/gcc/nios2-elf/5.3.0/../../../../../H-x86_64-mingw32/nios2-elf/lib/mno-hw-mul\libc.a(lib_a-__call_atexit.o)
 .debug_aranges
                0x00000000000002b0       0x20 d:/intelfpga/18.1/quartuslitesetup/nios2eds/bin/gnu/h-x86_64-mingw32/bin/../lib/gcc/nios2-elf/5.3.0/mno-hw-mul\libgcc.a(lib2-divmod.o)
 .debug_aranges
                0x00000000000002d0       0x20 d:/intelfpga/18.1/quartuslitesetup/nios2eds/bin/gnu/h-x86_64-mingw32/bin/../lib/gcc/nios2-elf/5.3.0/mno-hw-mul\libgcc.a(lib2-mul.o)
 .debug_aranges
                0x00000000000002f0       0x20 ../lab2_extra_task_sw_bsp/\libhal_bsp.a(alt_exit.o)

.debug_pubnames
 *(.debug_pubnames)

.debug_info     0x0000000000000000     0x3e7d
 *(.debug_info .gnu.linkonce.wi.*)
 .debug_info    0x0000000000000000       0x78 ../lab2_extra_task_sw_bsp//obj/HAL/src/crt0.o
 .debug_info    0x0000000000000078       0xbd obj/default/lab2_extra_task_source.o
 .debug_info    0x0000000000000135      0x145 ../lab2_extra_task_sw_bsp/\libhal_bsp.a(alt_load.o)
 .debug_info    0x000000000000027a      0x157 ../lab2_extra_task_sw_bsp/\libhal_bsp.a(alt_main.o)
 .debug_info    0x00000000000003d1       0xb0 ../lab2_extra_task_sw_bsp/\libhal_bsp.a(alt_usleep.o)
 .debug_info    0x0000000000000481       0xfa ../lab2_extra_task_sw_bsp/\libhal_bsp.a(alt_sys_init.o)
 .debug_info    0x000000000000057b       0xd7 ../lab2_extra_task_sw_bsp/\libhal_bsp.a(alt_busy_sleep.o)
 .debug_info    0x0000000000000652      0x321 ../lab2_extra_task_sw_bsp/\libhal_bsp.a(alt_close.o)
 .debug_info    0x0000000000000973       0x92 ../lab2_extra_task_sw_bsp/\libhal_bsp.a(alt_dcache_flush_all.o)
 .debug_info    0x0000000000000a05      0x49c ../lab2_extra_task_sw_bsp/\libhal_bsp.a(alt_dev.o)
 .debug_info    0x0000000000000ea1       0x83 ../lab2_extra_task_sw_bsp/\libhal_bsp.a(alt_do_ctors.o)
 .debug_info    0x0000000000000f24       0x83 ../lab2_extra_task_sw_bsp/\libhal_bsp.a(alt_do_dtors.o)
 .debug_info    0x0000000000000fa7       0xa6 ../lab2_extra_task_sw_bsp/\libhal_bsp.a(alt_errno.o)
 .debug_info    0x000000000000104d       0x92 ../lab2_extra_task_sw_bsp/\libhal_bsp.a(alt_icache_flush_all.o)
 .debug_info    0x00000000000010df      0x2b0 ../lab2_extra_task_sw_bsp/\libhal_bsp.a(alt_release_fd.o)
 .debug_info    0x000000000000138f       0xb8 ../lab2_extra_task_sw_bsp/\libhal_bsp.a(altera_nios2_gen2_irq.o)
 .debug_info    0x0000000000001447       0xfe d:/intelfpga/18.1/quartuslitesetup/nios2eds/bin/gnu/h-x86_64-mingw32/bin/../lib/gcc/nios2-elf/5.3.0/../../../../../H-x86_64-mingw32/nios2-elf/lib/mno-hw-mul\libc.a(lib_a-atexit.o)
 .debug_info    0x0000000000001545      0x8e4 d:/intelfpga/18.1/quartuslitesetup/nios2eds/bin/gnu/h-x86_64-mingw32/bin/../lib/gcc/nios2-elf/5.3.0/../../../../../H-x86_64-mingw32/nios2-elf/lib/mno-hw-mul\libc.a(lib_a-exit.o)
 .debug_info    0x0000000000001e29      0x8a1 d:/intelfpga/18.1/quartuslitesetup/nios2eds/bin/gnu/h-x86_64-mingw32/bin/../lib/gcc/nios2-elf/5.3.0/../../../../../H-x86_64-mingw32/nios2-elf/lib/mno-hw-mul\libc.a(lib_a-impure.o)
 .debug_info    0x00000000000026ca       0x8a d:/intelfpga/18.1/quartuslitesetup/nios2eds/bin/gnu/h-x86_64-mingw32/bin/../lib/gcc/nios2-elf/5.3.0/../../../../../H-x86_64-mingw32/nios2-elf/lib/mno-hw-mul\libc.a(lib_a-int_errno.o)
 .debug_info    0x0000000000002754      0x934 d:/intelfpga/18.1/quartuslitesetup/nios2eds/bin/gnu/h-x86_64-mingw32/bin/../lib/gcc/nios2-elf/5.3.0/../../../../../H-x86_64-mingw32/nios2-elf/lib/mno-hw-mul\libc.a(lib_a-__atexit.o)
 .debug_info    0x0000000000003088      0x965 d:/intelfpga/18.1/quartuslitesetup/nios2eds/bin/gnu/h-x86_64-mingw32/bin/../lib/gcc/nios2-elf/5.3.0/../../../../../H-x86_64-mingw32/nios2-elf/lib/mno-hw-mul\libc.a(lib_a-__call_atexit.o)
 .debug_info    0x00000000000039ed      0x2c6 d:/intelfpga/18.1/quartuslitesetup/nios2eds/bin/gnu/h-x86_64-mingw32/bin/../lib/gcc/nios2-elf/5.3.0/mno-hw-mul\libgcc.a(lib2-divmod.o)
 .debug_info    0x0000000000003cb3       0xb4 d:/intelfpga/18.1/quartuslitesetup/nios2eds/bin/gnu/h-x86_64-mingw32/bin/../lib/gcc/nios2-elf/5.3.0/mno-hw-mul\libgcc.a(lib2-mul.o)
 .debug_info    0x0000000000003d67      0x116 ../lab2_extra_task_sw_bsp/\libhal_bsp.a(alt_exit.o)

.debug_abbrev   0x0000000000000000     0x1367
 *(.debug_abbrev)
 .debug_abbrev  0x0000000000000000       0x12 ../lab2_extra_task_sw_bsp//obj/HAL/src/crt0.o
 .debug_abbrev  0x0000000000000012       0x60 obj/default/lab2_extra_task_source.o
 .debug_abbrev  0x0000000000000072       0x9f ../lab2_extra_task_sw_bsp/\libhal_bsp.a(alt_load.o)
 .debug_abbrev  0x0000000000000111       0xc1 ../lab2_extra_task_sw_bsp/\libhal_bsp.a(alt_main.o)
 .debug_abbrev  0x00000000000001d2       0x60 ../lab2_extra_task_sw_bsp/\libhal_bsp.a(alt_usleep.o)
 .debug_abbrev  0x0000000000000232       0xbc ../lab2_extra_task_sw_bsp/\libhal_bsp.a(alt_sys_init.o)
 .debug_abbrev  0x00000000000002ee       0x7e ../lab2_extra_task_sw_bsp/\libhal_bsp.a(alt_busy_sleep.o)
 .debug_abbrev  0x000000000000036c      0x11f ../lab2_extra_task_sw_bsp/\libhal_bsp.a(alt_close.o)
 .debug_abbrev  0x000000000000048b       0x42 ../lab2_extra_task_sw_bsp/\libhal_bsp.a(alt_dcache_flush_all.o)
 .debug_abbrev  0x00000000000004cd       0xd9 ../lab2_extra_task_sw_bsp/\libhal_bsp.a(alt_dev.o)
 .debug_abbrev  0x00000000000005a6       0x79 ../lab2_extra_task_sw_bsp/\libhal_bsp.a(alt_do_ctors.o)
 .debug_abbrev  0x000000000000061f       0x79 ../lab2_extra_task_sw_bsp/\libhal_bsp.a(alt_do_dtors.o)
 .debug_abbrev  0x0000000000000698       0x5a ../lab2_extra_task_sw_bsp/\libhal_bsp.a(alt_errno.o)
 .debug_abbrev  0x00000000000006f2       0x42 ../lab2_extra_task_sw_bsp/\libhal_bsp.a(alt_icache_flush_all.o)
 .debug_abbrev  0x0000000000000734       0xde ../lab2_extra_task_sw_bsp/\libhal_bsp.a(alt_release_fd.o)
 .debug_abbrev  0x0000000000000812       0x67 ../lab2_extra_task_sw_bsp/\libhal_bsp.a(altera_nios2_gen2_irq.o)
 .debug_abbrev  0x0000000000000879       0xaa d:/intelfpga/18.1/quartuslitesetup/nios2eds/bin/gnu/h-x86_64-mingw32/bin/../lib/gcc/nios2-elf/5.3.0/../../../../../H-x86_64-mingw32/nios2-elf/lib/mno-hw-mul\libc.a(lib_a-atexit.o)
 .debug_abbrev  0x0000000000000923      0x1e5 d:/intelfpga/18.1/quartuslitesetup/nios2eds/bin/gnu/h-x86_64-mingw32/bin/../lib/gcc/nios2-elf/5.3.0/../../../../../H-x86_64-mingw32/nios2-elf/lib/mno-hw-mul\libc.a(lib_a-exit.o)
 .debug_abbrev  0x0000000000000b08      0x18f d:/intelfpga/18.1/quartuslitesetup/nios2eds/bin/gnu/h-x86_64-mingw32/bin/../lib/gcc/nios2-elf/5.3.0/../../../../../H-x86_64-mingw32/nios2-elf/lib/mno-hw-mul\libc.a(lib_a-impure.o)
 .debug_abbrev  0x0000000000000c97       0x37 d:/intelfpga/18.1/quartuslitesetup/nios2eds/bin/gnu/h-x86_64-mingw32/bin/../lib/gcc/nios2-elf/5.3.0/../../../../../H-x86_64-mingw32/nios2-elf/lib/mno-hw-mul\libc.a(lib_a-int_errno.o)
 .debug_abbrev  0x0000000000000cce      0x21e d:/intelfpga/18.1/quartuslitesetup/nios2eds/bin/gnu/h-x86_64-mingw32/bin/../lib/gcc/nios2-elf/5.3.0/../../../../../H-x86_64-mingw32/nios2-elf/lib/mno-hw-mul\libc.a(lib_a-__atexit.o)
 .debug_abbrev  0x0000000000000eec      0x22e d:/intelfpga/18.1/quartuslitesetup/nios2eds/bin/gnu/h-x86_64-mingw32/bin/../lib/gcc/nios2-elf/5.3.0/../../../../../H-x86_64-mingw32/nios2-elf/lib/mno-hw-mul\libc.a(lib_a-__call_atexit.o)
 .debug_abbrev  0x000000000000111a      0x10e d:/intelfpga/18.1/quartuslitesetup/nios2eds/bin/gnu/h-x86_64-mingw32/bin/../lib/gcc/nios2-elf/5.3.0/mno-hw-mul\libgcc.a(lib2-divmod.o)
 .debug_abbrev  0x0000000000001228       0x6f d:/intelfpga/18.1/quartuslitesetup/nios2eds/bin/gnu/h-x86_64-mingw32/bin/../lib/gcc/nios2-elf/5.3.0/mno-hw-mul\libgcc.a(lib2-mul.o)
 .debug_abbrev  0x0000000000001297       0xd0 ../lab2_extra_task_sw_bsp/\libhal_bsp.a(alt_exit.o)

.debug_line     0x0000000000000000     0x14d1
 *(.debug_line)
 .debug_line    0x0000000000000000       0x66 ../lab2_extra_task_sw_bsp//obj/HAL/src/crt0.o
 .debug_line    0x0000000000000066       0x8c obj/default/lab2_extra_task_source.o
 .debug_line    0x00000000000000f2       0x8e ../lab2_extra_task_sw_bsp/\libhal_bsp.a(alt_load.o)
 .debug_line    0x0000000000000180       0xcd ../lab2_extra_task_sw_bsp/\libhal_bsp.a(alt_main.o)
 .debug_line    0x000000000000024d       0xb9 ../lab2_extra_task_sw_bsp/\libhal_bsp.a(alt_usleep.o)
 .debug_line    0x0000000000000306       0xa7 ../lab2_extra_task_sw_bsp/\libhal_bsp.a(alt_sys_init.o)
 .debug_line    0x00000000000003ad       0xa2 ../lab2_extra_task_sw_bsp/\libhal_bsp.a(alt_busy_sleep.o)
 .debug_line    0x000000000000044f      0x171 ../lab2_extra_task_sw_bsp/\libhal_bsp.a(alt_close.o)
 .debug_line    0x00000000000005c0       0x51 ../lab2_extra_task_sw_bsp/\libhal_bsp.a(alt_dcache_flush_all.o)
 .debug_line    0x0000000000000611      0x104 ../lab2_extra_task_sw_bsp/\libhal_bsp.a(alt_dev.o)
 .debug_line    0x0000000000000715       0x59 ../lab2_extra_task_sw_bsp/\libhal_bsp.a(alt_do_ctors.o)
 .debug_line    0x000000000000076e       0x59 ../lab2_extra_task_sw_bsp/\libhal_bsp.a(alt_do_dtors.o)
 .debug_line    0x00000000000007c7       0x51 ../lab2_extra_task_sw_bsp/\libhal_bsp.a(alt_errno.o)
 .debug_line    0x0000000000000818       0x4f ../lab2_extra_task_sw_bsp/\libhal_bsp.a(alt_icache_flush_all.o)
 .debug_line    0x0000000000000867       0xb0 ../lab2_extra_task_sw_bsp/\libhal_bsp.a(alt_release_fd.o)
 .debug_line    0x0000000000000917       0x8d ../lab2_extra_task_sw_bsp/\libhal_bsp.a(altera_nios2_gen2_irq.o)
 .debug_line    0x00000000000009a4       0xe7 d:/intelfpga/18.1/quartuslitesetup/nios2eds/bin/gnu/h-x86_64-mingw32/bin/../lib/gcc/nios2-elf/5.3.0/../../../../../H-x86_64-mingw32/nios2-elf/lib/mno-hw-mul\libc.a(lib_a-atexit.o)
 .debug_line    0x0000000000000a8b      0x1fc d:/intelfpga/18.1/quartuslitesetup/nios2eds/bin/gnu/h-x86_64-mingw32/bin/../lib/gcc/nios2-elf/5.3.0/../../../../../H-x86_64-mingw32/nios2-elf/lib/mno-hw-mul\libc.a(lib_a-exit.o)
 .debug_line    0x0000000000000c87      0x160 d:/intelfpga/18.1/quartuslitesetup/nios2eds/bin/gnu/h-x86_64-mingw32/bin/../lib/gcc/nios2-elf/5.3.0/../../../../../H-x86_64-mingw32/nios2-elf/lib/mno-hw-mul\libc.a(lib_a-impure.o)
 .debug_line    0x0000000000000de7       0x5f d:/intelfpga/18.1/quartuslitesetup/nios2eds/bin/gnu/h-x86_64-mingw32/bin/../lib/gcc/nios2-elf/5.3.0/../../../../../H-x86_64-mingw32/nios2-elf/lib/mno-hw-mul\libc.a(lib_a-int_errno.o)
 .debug_line    0x0000000000000e46      0x21f d:/intelfpga/18.1/quartuslitesetup/nios2eds/bin/gnu/h-x86_64-mingw32/bin/../lib/gcc/nios2-elf/5.3.0/../../../../../H-x86_64-mingw32/nios2-elf/lib/mno-hw-mul\libc.a(lib_a-__atexit.o)
 .debug_line    0x0000000000001065      0x23a d:/intelfpga/18.1/quartuslitesetup/nios2eds/bin/gnu/h-x86_64-mingw32/bin/../lib/gcc/nios2-elf/5.3.0/../../../../../H-x86_64-mingw32/nios2-elf/lib/mno-hw-mul\libc.a(lib_a-__call_atexit.o)
 .debug_line    0x000000000000129f      0x105 d:/intelfpga/18.1/quartuslitesetup/nios2eds/bin/gnu/h-x86_64-mingw32/bin/../lib/gcc/nios2-elf/5.3.0/mno-hw-mul\libgcc.a(lib2-divmod.o)
 .debug_line    0x00000000000013a4       0x80 d:/intelfpga/18.1/quartuslitesetup/nios2eds/bin/gnu/h-x86_64-mingw32/bin/../lib/gcc/nios2-elf/5.3.0/mno-hw-mul\libgcc.a(lib2-mul.o)
 .debug_line    0x0000000000001424       0xad ../lab2_extra_task_sw_bsp/\libhal_bsp.a(alt_exit.o)

.debug_frame    0x0000000000000000      0x4cc
 *(.debug_frame)
 .debug_frame   0x0000000000000000       0x2c obj/default/lab2_extra_task_source.o
 .debug_frame   0x000000000000002c       0x5c ../lab2_extra_task_sw_bsp/\libhal_bsp.a(alt_load.o)
 .debug_frame   0x0000000000000088       0x2c ../lab2_extra_task_sw_bsp/\libhal_bsp.a(alt_main.o)
 .debug_frame   0x00000000000000b4       0x38 ../lab2_extra_task_sw_bsp/\libhal_bsp.a(alt_usleep.o)
 .debug_frame   0x00000000000000ec       0x5c ../lab2_extra_task_sw_bsp/\libhal_bsp.a(alt_sys_init.o)
 .debug_frame   0x0000000000000148       0x38 ../lab2_extra_task_sw_bsp/\libhal_bsp.a(alt_busy_sleep.o)
 .debug_frame   0x0000000000000180       0x60 ../lab2_extra_task_sw_bsp/\libhal_bsp.a(alt_close.o)
 .debug_frame   0x00000000000001e0       0x34 ../lab2_extra_task_sw_bsp/\libhal_bsp.a(alt_dcache_flush_all.o)
 .debug_frame   0x0000000000000214       0x34 ../lab2_extra_task_sw_bsp/\libhal_bsp.a(alt_dev.o)
 .debug_frame   0x0000000000000248       0x38 ../lab2_extra_task_sw_bsp/\libhal_bsp.a(alt_do_ctors.o)
 .debug_frame   0x0000000000000280       0x38 ../lab2_extra_task_sw_bsp/\libhal_bsp.a(alt_do_dtors.o)
 .debug_frame   0x00000000000002b8       0x34 ../lab2_extra_task_sw_bsp/\libhal_bsp.a(alt_icache_flush_all.o)
 .debug_frame   0x00000000000002ec       0x3c ../lab2_extra_task_sw_bsp/\libhal_bsp.a(alt_release_fd.o)
 .debug_frame   0x0000000000000328       0x34 ../lab2_extra_task_sw_bsp/\libhal_bsp.a(altera_nios2_gen2_irq.o)
 .debug_frame   0x000000000000035c       0x20 d:/intelfpga/18.1/quartuslitesetup/nios2eds/bin/gnu/h-x86_64-mingw32/bin/../lib/gcc/nios2-elf/5.3.0/../../../../../H-x86_64-mingw32/nios2-elf/lib/mno-hw-mul\libc.a(lib_a-atexit.o)
 .debug_frame   0x000000000000037c       0x28 d:/intelfpga/18.1/quartuslitesetup/nios2eds/bin/gnu/h-x86_64-mingw32/bin/../lib/gcc/nios2-elf/5.3.0/../../../../../H-x86_64-mingw32/nios2-elf/lib/mno-hw-mul\libc.a(lib_a-exit.o)
 .debug_frame   0x00000000000003a4       0x38 d:/intelfpga/18.1/quartuslitesetup/nios2eds/bin/gnu/h-x86_64-mingw32/bin/../lib/gcc/nios2-elf/5.3.0/../../../../../H-x86_64-mingw32/nios2-elf/lib/mno-hw-mul\libc.a(lib_a-__atexit.o)
 .debug_frame   0x00000000000003dc       0x54 d:/intelfpga/18.1/quartuslitesetup/nios2eds/bin/gnu/h-x86_64-mingw32/bin/../lib/gcc/nios2-elf/5.3.0/../../../../../H-x86_64-mingw32/nios2-elf/lib/mno-hw-mul\libc.a(lib_a-__call_atexit.o)
 .debug_frame   0x0000000000000430       0x50 d:/intelfpga/18.1/quartuslitesetup/nios2eds/bin/gnu/h-x86_64-mingw32/bin/../lib/gcc/nios2-elf/5.3.0/mno-hw-mul\libgcc.a(lib2-divmod.o)
 .debug_frame   0x0000000000000480       0x20 d:/intelfpga/18.1/quartuslitesetup/nios2eds/bin/gnu/h-x86_64-mingw32/bin/../lib/gcc/nios2-elf/5.3.0/mno-hw-mul\libgcc.a(lib2-mul.o)
 .debug_frame   0x00000000000004a0       0x2c ../lab2_extra_task_sw_bsp/\libhal_bsp.a(alt_exit.o)

.debug_str      0x0000000000000000      0xfa3
 *(.debug_str)
 .debug_str     0x0000000000000000      0x10e obj/default/lab2_extra_task_source.o
                                        0x14c (size before relaxing)
 .debug_str     0x000000000000010e      0x135 ../lab2_extra_task_sw_bsp/\libhal_bsp.a(alt_load.o)
                                        0x21c (size before relaxing)
 .debug_str     0x0000000000000243       0x91 ../lab2_extra_task_sw_bsp/\libhal_bsp.a(alt_main.o)
                                        0x1d0 (size before relaxing)
 .debug_str     0x00000000000002d4       0x27 ../lab2_extra_task_sw_bsp/\libhal_bsp.a(alt_usleep.o)
                                        0x152 (size before relaxing)
 .debug_str     0x00000000000002fb       0x47 ../lab2_extra_task_sw_bsp/\libhal_bsp.a(alt_sys_init.o)
                                        0x1a0 (size before relaxing)
 .debug_str     0x0000000000000342       0x42 ../lab2_extra_task_sw_bsp/\libhal_bsp.a(alt_busy_sleep.o)
                                        0x175 (size before relaxing)
 .debug_str     0x0000000000000384       0x90 ../lab2_extra_task_sw_bsp/\libhal_bsp.a(alt_close.o)
                                        0x215 (size before relaxing)
 .debug_str     0x0000000000000414       0x34 ../lab2_extra_task_sw_bsp/\libhal_bsp.a(alt_dcache_flush_all.o)
                                        0x15f (size before relaxing)
 .debug_str     0x0000000000000448      0x120 ../lab2_extra_task_sw_bsp/\libhal_bsp.a(alt_dev.o)
                                        0x30f (size before relaxing)
 .debug_str     0x0000000000000568       0x48 ../lab2_extra_task_sw_bsp/\libhal_bsp.a(alt_do_ctors.o)
                                         0xda (size before relaxing)
 .debug_str     0x00000000000005b0       0x4c ../lab2_extra_task_sw_bsp/\libhal_bsp.a(alt_do_dtors.o)
                                         0xd9 (size before relaxing)
 .debug_str     0x00000000000005fc       0x14 ../lab2_extra_task_sw_bsp/\libhal_bsp.a(alt_errno.o)
                                        0x14f (size before relaxing)
 .debug_str     0x0000000000000610       0x34 ../lab2_extra_task_sw_bsp/\libhal_bsp.a(alt_icache_flush_all.o)
                                        0x15f (size before relaxing)
 .debug_str     0x0000000000000644       0x28 ../lab2_extra_task_sw_bsp/\libhal_bsp.a(alt_release_fd.o)
                                        0x1dd (size before relaxing)
 .debug_str     0x000000000000066c       0x3b ../lab2_extra_task_sw_bsp/\libhal_bsp.a(altera_nios2_gen2_irq.o)
                                        0x18f (size before relaxing)
 .debug_str     0x00000000000006a7      0x17c d:/intelfpga/18.1/quartuslitesetup/nios2eds/bin/gnu/h-x86_64-mingw32/bin/../lib/gcc/nios2-elf/5.3.0/../../../../../H-x86_64-mingw32/nios2-elf/lib/mno-hw-mul\libc.a(lib_a-atexit.o)
                                        0x221 (size before relaxing)
 .debug_str     0x0000000000000823      0x3d6 d:/intelfpga/18.1/quartuslitesetup/nios2eds/bin/gnu/h-x86_64-mingw32/bin/../lib/gcc/nios2-elf/5.3.0/../../../../../H-x86_64-mingw32/nios2-elf/lib/mno-hw-mul\libc.a(lib_a-exit.o)
                                        0x5be (size before relaxing)
 .debug_str     0x0000000000000bf9       0xd6 d:/intelfpga/18.1/quartuslitesetup/nios2eds/bin/gnu/h-x86_64-mingw32/bin/../lib/gcc/nios2-elf/5.3.0/../../../../../H-x86_64-mingw32/nios2-elf/lib/mno-hw-mul\libc.a(lib_a-impure.o)
                                        0x5b5 (size before relaxing)
 .debug_str     0x0000000000000ccf       0x3f d:/intelfpga/18.1/quartuslitesetup/nios2eds/bin/gnu/h-x86_64-mingw32/bin/../lib/gcc/nios2-elf/5.3.0/../../../../../H-x86_64-mingw32/nios2-elf/lib/mno-hw-mul\libc.a(lib_a-int_errno.o)
                                        0x1dd (size before relaxing)
 .debug_str     0x0000000000000d0e       0x3f d:/intelfpga/18.1/quartuslitesetup/nios2eds/bin/gnu/h-x86_64-mingw32/bin/../lib/gcc/nios2-elf/5.3.0/../../../../../H-x86_64-mingw32/nios2-elf/lib/mno-hw-mul\libc.a(lib_a-__atexit.o)
                                        0x5f6 (size before relaxing)
 .debug_str     0x0000000000000d4d       0x65 d:/intelfpga/18.1/quartuslitesetup/nios2eds/bin/gnu/h-x86_64-mingw32/bin/../lib/gcc/nios2-elf/5.3.0/../../../../../H-x86_64-mingw32/nios2-elf/lib/mno-hw-mul\libc.a(lib_a-__call_atexit.o)
                                        0x5e2 (size before relaxing)
 .debug_str     0x0000000000000db2      0x187 d:/intelfpga/18.1/quartuslitesetup/nios2eds/bin/gnu/h-x86_64-mingw32/bin/../lib/gcc/nios2-elf/5.3.0/mno-hw-mul\libgcc.a(lib2-divmod.o)
                                        0x1d2 (size before relaxing)
 .debug_str     0x0000000000000f39       0x40 d:/intelfpga/18.1/quartuslitesetup/nios2eds/bin/gnu/h-x86_64-mingw32/bin/../lib/gcc/nios2-elf/5.3.0/mno-hw-mul\libgcc.a(lib2-mul.o)
                                        0x193 (size before relaxing)
 .debug_str     0x0000000000000f79       0x2a ../lab2_extra_task_sw_bsp/\libhal_bsp.a(alt_exit.o)
                                        0x184 (size before relaxing)

.debug_loc      0x0000000000000000      0x8fe
 *(.debug_loc)
 .debug_loc     0x0000000000000000       0x2c d:/intelfpga/18.1/quartuslitesetup/nios2eds/bin/gnu/h-x86_64-mingw32/bin/../lib/gcc/nios2-elf/5.3.0/../../../../../H-x86_64-mingw32/nios2-elf/lib/mno-hw-mul\libc.a(lib_a-atexit.o)
 .debug_loc     0x000000000000002c       0x1e d:/intelfpga/18.1/quartuslitesetup/nios2eds/bin/gnu/h-x86_64-mingw32/bin/../lib/gcc/nios2-elf/5.3.0/../../../../../H-x86_64-mingw32/nios2-elf/lib/mno-hw-mul\libc.a(lib_a-exit.o)
 .debug_loc     0x000000000000004a      0x185 d:/intelfpga/18.1/quartuslitesetup/nios2eds/bin/gnu/h-x86_64-mingw32/bin/../lib/gcc/nios2-elf/5.3.0/../../../../../H-x86_64-mingw32/nios2-elf/lib/mno-hw-mul\libc.a(lib_a-__atexit.o)
 .debug_loc     0x00000000000001cf      0x1ce d:/intelfpga/18.1/quartuslitesetup/nios2eds/bin/gnu/h-x86_64-mingw32/bin/../lib/gcc/nios2-elf/5.3.0/../../../../../H-x86_64-mingw32/nios2-elf/lib/mno-hw-mul\libc.a(lib_a-__call_atexit.o)
 .debug_loc     0x000000000000039d      0x4ce d:/intelfpga/18.1/quartuslitesetup/nios2eds/bin/gnu/h-x86_64-mingw32/bin/../lib/gcc/nios2-elf/5.3.0/mno-hw-mul\libgcc.a(lib2-divmod.o)
 .debug_loc     0x000000000000086b       0x93 d:/intelfpga/18.1/quartuslitesetup/nios2eds/bin/gnu/h-x86_64-mingw32/bin/../lib/gcc/nios2-elf/5.3.0/mno-hw-mul\libgcc.a(lib2-mul.o)

.debug_macinfo
 *(.debug_macinfo)

.debug_weaknames
 *(.debug_weaknames)

.debug_funcnames
 *(.debug_funcnames)

.debug_typenames
 *(.debug_typenames)

.debug_varnames
 *(.debug_varnames)

.debug_alt_sim_info
                0x0000000000000000       0x40
 *(.debug_alt_sim_info)
 .debug_alt_sim_info
                0x0000000000000000       0x10 ../lab2_extra_task_sw_bsp//obj/HAL/src/crt0.o
 .debug_alt_sim_info
                0x0000000000000010       0x30 ../lab2_extra_task_sw_bsp/\libhal_bsp.a(alt_busy_sleep.o)
                0x0000000000008000                __alt_data_end = 0x8000
                0x0000000000008000                PROVIDE (__alt_stack_pointer, __alt_data_end)
                [!provide]                        PROVIDE (__alt_stack_limit, __alt_stack_base)
                [!provide]                        PROVIDE (__alt_heap_start, end)
                [!provide]                        PROVIDE (__alt_heap_limit, 0x8000)
OUTPUT(lab2_extra_task_sw.elf elf32-littlenios2)

.debug_ranges   0x0000000000000000       0xe0
 .debug_ranges  0x0000000000000000       0x20 ../lab2_extra_task_sw_bsp//obj/HAL/src/crt0.o
 .debug_ranges  0x0000000000000020       0x10 d:/intelfpga/18.1/quartuslitesetup/nios2eds/bin/gnu/h-x86_64-mingw32/bin/../lib/gcc/nios2-elf/5.3.0/../../../../../H-x86_64-mingw32/nios2-elf/lib/mno-hw-mul\libc.a(lib_a-atexit.o)
 .debug_ranges  0x0000000000000030       0x10 d:/intelfpga/18.1/quartuslitesetup/nios2eds/bin/gnu/h-x86_64-mingw32/bin/../lib/gcc/nios2-elf/5.3.0/../../../../../H-x86_64-mingw32/nios2-elf/lib/mno-hw-mul\libc.a(lib_a-exit.o)
 .debug_ranges  0x0000000000000040       0x10 d:/intelfpga/18.1/quartuslitesetup/nios2eds/bin/gnu/h-x86_64-mingw32/bin/../lib/gcc/nios2-elf/5.3.0/../../../../../H-x86_64-mingw32/nios2-elf/lib/mno-hw-mul\libc.a(lib_a-__atexit.o)
 .debug_ranges  0x0000000000000050       0x30 d:/intelfpga/18.1/quartuslitesetup/nios2eds/bin/gnu/h-x86_64-mingw32/bin/../lib/gcc/nios2-elf/5.3.0/../../../../../H-x86_64-mingw32/nios2-elf/lib/mno-hw-mul\libc.a(lib_a-__call_atexit.o)
 .debug_ranges  0x0000000000000080       0x60 d:/intelfpga/18.1/quartuslitesetup/nios2eds/bin/gnu/h-x86_64-mingw32/bin/../lib/gcc/nios2-elf/5.3.0/mno-hw-mul\libgcc.a(lib2-divmod.o)
